Archive member included to satisfy reference by file (symbol)

app/libapp.a(main.c.obj)      (--whole-archive)
zephyr/libzephyr.a(soc_nrf_common.S.obj)
                              (--whole-archive)
zephyr/libzephyr.a(assert.c.obj)
                              (--whole-archive)
zephyr/libzephyr.a(bitarray.c.obj)
                              (--whole-archive)
zephyr/libzephyr.a(cbprintf.c.obj)
                              (--whole-archive)
zephyr/libzephyr.a(cbprintf_complete.c.obj)
                              (--whole-archive)
zephyr/libzephyr.a(cbprintf_packaged.c.obj)
                              (--whole-archive)
zephyr/libzephyr.a(configs.c.obj)
                              (--whole-archive)
zephyr/libzephyr.a(constraint.c.obj)
                              (--whole-archive)
zephyr/libzephyr.a(crc16_sw.c.obj)
                              (--whole-archive)
zephyr/libzephyr.a(crc32_sw.c.obj)
                              (--whole-archive)
zephyr/libzephyr.a(crc32c_sw.c.obj)
                              (--whole-archive)
zephyr/libzephyr.a(crc7_sw.c.obj)
                              (--whole-archive)
zephyr/libzephyr.a(crc8_sw.c.obj)
                              (--whole-archive)
zephyr/libzephyr.a(dec.c.obj)
                              (--whole-archive)
zephyr/libzephyr.a(fdtable.c.obj)
                              (--whole-archive)
zephyr/libzephyr.a(heap-validate.c.obj)
                              (--whole-archive)
zephyr/libzephyr.a(heap.c.obj)
                              (--whole-archive)
zephyr/libzephyr.a(hex.c.obj)
                              (--whole-archive)
zephyr/libzephyr.a(multi_heap.c.obj)
                              (--whole-archive)
zephyr/libzephyr.a(notify.c.obj)
                              (--whole-archive)
zephyr/libzephyr.a(nrf_cc3xx_platform_abort_zephyr.c.obj)
                              (--whole-archive)
zephyr/libzephyr.a(nrf_cc3xx_platform_mutex_zephyr.c.obj)
                              (--whole-archive)
zephyr/libzephyr.a(onoff.c.obj)
                              (--whole-archive)
zephyr/libzephyr.a(pm.c.obj)  (--whole-archive)
zephyr/libzephyr.a(printk.c.obj)
                              (--whole-archive)
zephyr/libzephyr.a(rb.c.obj)  (--whole-archive)
zephyr/libzephyr.a(reboot.c.obj)
                              (--whole-archive)
zephyr/libzephyr.a(residency.c.obj)
                              (--whole-archive)
zephyr/libzephyr.a(sem.c.obj)
                              (--whole-archive)
zephyr/libzephyr.a(thread_entry.c.obj)
                              (--whole-archive)
zephyr/libzephyr.a(timeutil.c.obj)
                              (--whole-archive)
zephyr/libzephyr.a(tracing_none.c.obj)
                              (--whole-archive)
zephyr/libzephyr.a(validate_base_addresses.c.obj)
                              (--whole-archive)
zephyr/libzephyr.a(validate_enabled_instances.c.obj)
                              (--whole-archive)
zephyr/arch/common/libarch__common.a(sw_isr_common.c.obj)
                              (--whole-archive)
zephyr/arch/arch/arm/core/aarch32/libarch__arm__core__aarch32.a(cpu_idle.S.obj)
                              (--whole-archive)
zephyr/arch/arch/arm/core/aarch32/libarch__arm__core__aarch32.a(isr_wrapper.S.obj)
                              (--whole-archive)
zephyr/arch/arch/arm/core/aarch32/libarch__arm__core__aarch32.a(nmi_on_reset.S.obj)
                              (--whole-archive)
zephyr/arch/arch/arm/core/aarch32/libarch__arm__core__aarch32.a(swap_helper.S.obj)
                              (--whole-archive)
zephyr/arch/arch/arm/core/aarch32/libarch__arm__core__aarch32.a(fatal.c.obj)
                              (--whole-archive)
zephyr/arch/arch/arm/core/aarch32/libarch__arm__core__aarch32.a(irq_manage.c.obj)
                              (--whole-archive)
zephyr/arch/arch/arm/core/aarch32/libarch__arm__core__aarch32.a(nmi.c.obj)
                              (--whole-archive)
zephyr/arch/arch/arm/core/aarch32/libarch__arm__core__aarch32.a(prep_c.c.obj)
                              (--whole-archive)
zephyr/arch/arch/arm/core/aarch32/libarch__arm__core__aarch32.a(swap.c.obj)
                              (--whole-archive)
zephyr/arch/arch/arm/core/aarch32/libarch__arm__core__aarch32.a(thread.c.obj)
                              (--whole-archive)
zephyr/arch/arch/arm/core/aarch32/cortex_m/libarch__arm__core__aarch32__cortex_m.a(exc_exit.S.obj)
                              (--whole-archive)
zephyr/arch/arch/arm/core/aarch32/cortex_m/libarch__arm__core__aarch32__cortex_m.a(fault_s.S.obj)
                              (--whole-archive)
zephyr/arch/arch/arm/core/aarch32/cortex_m/libarch__arm__core__aarch32__cortex_m.a(reset.S.obj)
                              (--whole-archive)
zephyr/arch/arch/arm/core/aarch32/cortex_m/libarch__arm__core__aarch32__cortex_m.a(vector_table.S.obj)
                              (--whole-archive)
[...]
Memory Configuration

Name             Origin             Length             Attributes
FLASH            0x00000000         0x00100000         xr
SRAM             0x20000000         0x00040000         xw
IDT_LIST         0xfffff7ff         0x00000800         xw
*default*        0x00000000         0xffffffff

Linker script and memory map

LOAD zephyr/CMakeFiles/zephyr_final.dir/dev_handles.c.obj
LOAD zephyr/CMakeFiles/zephyr_final.dir/misc/empty_file.c.obj
LOAD zephyr/CMakeFiles/zephyr_final.dir/isr_tables.c.obj
                0x00000020                _region_min_align = 0x20

.rel.plt        0x00000000        0x0
 *(SORT_BY_ALIGNMENT(.rel.plt))
                [!provide]                PROVIDE (__rel_iplt_start = .)
 *(SORT_BY_ALIGNMENT(.rel.iplt))
 .rel.iplt      0x00000000        0x0 zephyr/CMakeFiles/zephyr_final.dir/dev_handles.c.obj
                [!provide]                PROVIDE (__rel_iplt_end = .)

.rela.plt       0x00000000        0x0
 *(SORT_BY_ALIGNMENT(.rela.plt))
                [!provide]                PROVIDE (__rela_iplt_start = .)
 *(SORT_BY_ALIGNMENT(.rela.iplt))
                [!provide]                PROVIDE (__rela_iplt_end = .)

.rel.dyn
 *(SORT_BY_ALIGNMENT(.rel.*))

.rela.dyn
 *(SORT_BY_ALIGNMENT(.rela.*))

/DISCARD/
 *(SORT_BY_ALIGNMENT(.plt))
 *(SORT_BY_ALIGNMENT(.iplt))
 *(SORT_BY_ALIGNMENT(.got.plt))
 *(SORT_BY_ALIGNMENT(.igot.plt))
 *(SORT_BY_ALIGNMENT(.got))
 *(SORT_BY_ALIGNMENT(.igot))
 *(SORT_BY_ALIGNMENT(.irq_info*))
 *(SORT_BY_ALIGNMENT(.intList*))
 *(SORT_BY_ALIGNMENT(.note.GNU-stack))
                0x00000000                __rom_region_start = 0x0

rom_start       0x00000000      0x100
                0x00000000                . = 0x0
                0x00000000                . = ALIGN (0x4)
                0x00000000                . = ALIGN (0x80)
                0x00000000                . = ALIGN (0x100)
                0x00000000                _vector_start = .
 *(SORT_BY_ALIGNMENT(.exc_vector_table))
 *(SORT_BY_ALIGNMENT(.exc_vector_table.*))
 .exc_vector_table._vector_table_section
                0x00000000       0x40 zephyr/arch/arch/arm/core/aarch32/cortex_m/libarch__arm__core__aarch32__cortex_m.a(vector_table.S.obj)
                0x00000000                _vector_table
 *(SORT_BY_ALIGNMENT(.gnu.linkonce.irq_vector_table*))
 .gnu.linkonce.irq_vector_table
                0x00000040       0xc0 zephyr/CMakeFiles/zephyr_final.dir/isr_tables.c.obj
                0x00000040                _irq_vector_table
 *(SORT_BY_ALIGNMENT(.vectors))
                0x00000100                _vector_end = .

text            0x00000100     0x9590
                0x00000100                __text_region_start = .
 *(SORT_BY_ALIGNMENT(.text))
 .text          0x00000100      0x378 c:/users/bruno/ncs/v1.9.1/toolchain/opt/bin/../lib/gcc/arm-none-eabi/9.2.1/thumb/v7e-m/nofp\libgcc.a(_arm_addsubdf3.o)
                0x00000100                __aeabi_drsub
                0x00000108                __aeabi_dsub
                0x00000108                __subdf3
                0x0000010c                __aeabi_dadd
                0x0000010c                __adddf3
                0x00000384                __floatunsidf
                0x00000384                __aeabi_ui2d
                0x000003a4                __floatsidf
                0x000003a4                __aeabi_i2d
                0x000003c8                __aeabi_f2d
                0x000003c8                __extendsfdf2
                0x0000040c                __floatundidf
                0x0000040c                __aeabi_ul2d
                0x0000041c                __floatdidf
                0x0000041c                __aeabi_l2d
 .text          0x00000478      0x424 c:/users/bruno/ncs/v1.9.1/toolchain/opt/bin/../lib/gcc/arm-none-eabi/9.2.1/thumb/v7e-m/nofp\libgcc.a(_arm_muldivdf3.o)
                0x00000478                __aeabi_dmul
                0x00000478                __muldf3
                0x000006cc                __divdf3
                0x000006cc                __aeabi_ddiv
 .text          0x0000089c       0x50 c:/users/bruno/ncs/v1.9.1/toolchain/opt/bin/../lib/gcc/arm-none-eabi/9.2.1/thumb/v7e-m/nofp\libgcc.a(_arm_fixdfsi.o)
                0x0000089c                __aeabi_d2iz
                0x0000089c                __fixdfsi
 .text          0x000008ec       0x30 c:/users/bruno/ncs/v1.9.1/toolchain/opt/bin/../lib/gcc/arm-none-eabi/9.2.1/thumb/v7e-m/nofp\libgcc.a(_aeabi_uldivmod.o)
                0x000008ec                __aeabi_uldivmod
 .text          0x0000091c      0x2c0 c:/users/bruno/ncs/v1.9.1/toolchain/opt/bin/../lib/gcc/arm-none-eabi/9.2.1/thumb/v7e-m/nofp\libgcc.a(_udivmoddi4.o)
                0x0000091c                __udivmoddi4
 .text          0x00000bdc        0x4 c:/users/bruno/ncs/v1.9.1/toolchain/opt/bin/../lib/gcc/arm-none-eabi/9.2.1/thumb/v7e-m/nofp\libgcc.a(_dvmd_tls.o)
                0x00000bdc                __aeabi_idiv0
                0x00000bdc                __aeabi_ldiv0
 *(SORT_BY_ALIGNMENT(.text.*))
 .text.thread_E_code
                0x00000be0       0xbc app/libapp.a(main.c.obj)
                0x00000be0                thread_E_code
 .text.but1press_cbfunction
                0x00000c9c       0x20 app/libapp.a(main.c.obj)
                0x00000c9c                but1press_cbfunction
 .text.but2press_cbfunction
                0x00000cbc       0x20 app/libapp.a(main.c.obj)
                0x00000cbc                but2press_cbfunction
 .text.but3press_cbfunction
                0x00000cdc       0x20 app/libapp.a(main.c.obj)
                0x00000cdc                but3press_cbfunction
 .text.but4press_cbfunction
                0x00000cfc       0x20 app/libapp.a(main.c.obj)
                0x00000cfc                but4press_cbfunction
 .text.pwm_pin_set_usec.constprop.0
                0x00000d1c       0x94 app/libapp.a(main.c.obj)
 .text.z_impl_gpio_pin_configure.constprop.0
                0x00000db0       0x64 app/libapp.a(main.c.obj)
 .text.z_impl_gpio_pin_interrupt_configure.constprop.0
                0x00000e14       0x6c app/libapp.a(main.c.obj)
 .text.thread_D_code
                0x00000e80       0xd0 app/libapp.a(main.c.obj)
                0x00000e80                thread_D_code
 .text.thread_F_code
                0x00000f50       0x74 app/libapp.a(main.c.obj)
                0x00000f50                thread_F_code
 .text.thread_C_code
                0x00000fc4       0x78 app/libapp.a(main.c.obj)
                0x00000fc4                thread_C_code
 .text.ConfigurePins
                0x0000103c      0x140 app/libapp.a(main.c.obj)
                0x0000103c                ConfigurePins
 .text.thread_A_code
                0x0000117c      0x120 app/libapp.a(main.c.obj)
                0x0000117c                thread_A_code
 .text.thread_B_code
                0x0000129c       0x88 app/libapp.a(main.c.obj)
                0x0000129c                thread_B_code
 .text.main     0x00001324      0x1a8 app/libapp.a(main.c.obj)
                0x00001324                main
 .text.cbvprintf
                0x000014cc      0x780 zephyr/libzephyr.a(cbprintf_complete.c.obj)
                0x000014cc                cbvprintf
 .text.sys_notify_finalize
                0x00001c4c       0x60 zephyr/libzephyr.a(notify.c.obj)
                0x00001c4c                sys_notify_finalize
 .text.nrf_cc3xx_platform_abort_init
                0x00001cac        0xc zephyr/libzephyr.a(nrf_cc3xx_platform_abort_zephyr.c.obj)
                0x00001cac                nrf_cc3xx_platform_abort_init
 .text.mutex_unlock_platform
                0x00001cb8       0x4c zephyr/libzephyr.a(nrf_cc3xx_platform_mutex_zephyr.c.obj)
 .text.mutex_free_platform
                0x00001d04       0x48 zephyr/libzephyr.a(nrf_cc3xx_platform_mutex_zephyr.c.obj)
 .text.mutex_init_platform
                0x00001d4c       0x70 zephyr/libzephyr.a(nrf_cc3xx_platform_mutex_zephyr.c.obj)
 .text.mutex_lock_platform
                0x00001dbc       0x58 zephyr/libzephyr.a(nrf_cc3xx_platform_mutex_zephyr.c.obj)
 .text.nrf_cc3xx_platform_mutex_init
                0x00001e14       0x2c zephyr/libzephyr.a(nrf_cc3xx_platform_mutex_zephyr.c.obj)
                0x00001e14                nrf_cc3xx_platform_mutex_init
 .text.process_event
                0x00001e40      0x3f4 zephyr/libzephyr.a(onoff.c.obj)
 .text.transition_complete
                0x00002234       0x64 zephyr/libzephyr.a(onoff.c.obj)
 .text.onoff_request
                0x00002298      0x130 zephyr/libzephyr.a(onoff.c.obj)
                0x00002298                onoff_request
 .text.pm_state_notify
                0x000023c8       0xcc zephyr/libzephyr.a(pm.c.obj)
 .text.atomic_test_and_set_bit.constprop.0
                0x00002494       0x38 zephyr/libzephyr.a(pm.c.obj)
 .text.pm_system_resume
                0x000024cc       0x88 zephyr/libzephyr.a(pm.c.obj)
                0x000024cc                pm_system_resume
 .text.pm_system_suspend
                0x00002554      0x100 zephyr/libzephyr.a(pm.c.obj)
                0x00002554                pm_system_suspend
 .text.char_out
                0x00002654       0x10 zephyr/libzephyr.a(printk.c.obj)
 .text.__printk_hook_install
                0x00002664        0xc zephyr/libzephyr.a(printk.c.obj)
                0x00002664                __printk_hook_install
 .text.vprintk  0x00002670       0x1c zephyr/libzephyr.a(printk.c.obj)
                0x00002670                vprintk
 .text.sys_reboot
                0x0000268c       0x28 zephyr/libzephyr.a(reboot.c.obj)
                0x0000268c                sys_reboot
 .text.z_arm_cpu_idle_init
                0x000026b4        0xc zephyr/arch/arch/arm/core/aarch32/libarch__arm__core__aarch32.a(cpu_idle.S.obj)
                0x000026b4                z_arm_cpu_idle_init
 .text.arch_cpu_idle
                0x000026c0       0x1c zephyr/arch/arch/arm/core/aarch32/libarch__arm__core__aarch32.a(cpu_idle.S.obj)
                0x000026c0                arch_cpu_idle
 .text.arch_cpu_atomic_idle
                0x000026dc       0x14 zephyr/arch/arch/arm/core/aarch32/libarch__arm__core__aarch32.a(cpu_idle.S.obj)
                0x000026dc                arch_cpu_atomic_idle
 .text._isr_wrapper
                0x000026f0       0x40 zephyr/arch/arch/arm/core/aarch32/libarch__arm__core__aarch32.a(isr_wrapper.S.obj)
                0x000026f0                _isr_wrapper
 .text.z_SysNmiOnReset
                0x00002730        0x8 zephyr/arch/arch/arm/core/aarch32/libarch__arm__core__aarch32.a(nmi_on_reset.S.obj)
                0x00002730                z_SysNmiOnReset
 .text.z_arm_pendsv
                0x00002738       0x54 zephyr/arch/arch/arm/core/aarch32/libarch__arm__core__aarch32.a(swap_helper.S.obj)
                0x00002738                z_arm_pendsv
 .text.z_arm_svc
                0x0000278c       0x20 zephyr/arch/arch/arm/core/aarch32/libarch__arm__core__aarch32.a(swap_helper.S.obj)
                0x0000278c                z_arm_svc
 .text.arch_irq_enable
                0x000027ac       0x20 zephyr/arch/arch/arm/core/aarch32/libarch__arm__core__aarch32.a(irq_manage.c.obj)
                0x000027ac                arch_irq_enable
 .text.arch_irq_is_enabled
                0x000027cc       0x1c zephyr/arch/arch/arm/core/aarch32/libarch__arm__core__aarch32.a(irq_manage.c.obj)
                0x000027cc                arch_irq_is_enabled
 .text.z_arm_irq_priority_set
                0x000027e8       0x68 zephyr/arch/arch/arm/core/aarch32/libarch__arm__core__aarch32.a(irq_manage.c.obj)
                0x000027e8                z_arm_irq_priority_set
 .text.z_arm_prep_c
                0x00002850       0x38 zephyr/arch/arch/arm/core/aarch32/libarch__arm__core__aarch32.a(prep_c.c.obj)
                0x00002850                z_arm_prep_c
 .text.arch_swap
                0x00002888       0x34 zephyr/arch/arch/arm/core/aarch32/libarch__arm__core__aarch32.a(swap.c.obj)
                0x00002888                arch_swap
 .text.arch_new_thread
                0x000028bc       0x38 zephyr/arch/arch/arm/core/aarch32/libarch__arm__core__aarch32.a(thread.c.obj)
                0x000028bc                arch_new_thread
 .text.z_check_thread_stack_fail
                0x000028f4       0x34 zephyr/arch/arch/arm/core/aarch32/libarch__arm__core__aarch32.a(thread.c.obj)
                0x000028f4                z_check_thread_stack_fail
 .text.arch_switch_to_main_thread
                0x00002928       0x2c zephyr/arch/arch/arm/core/aarch32/libarch__arm__core__aarch32.a(thread.c.obj)
                0x00002928                arch_switch_to_main_thread
 .text._HandlerModeExit
                0x00002954       0x1c zephyr/arch/arch/arm/core/aarch32/cortex_m/libarch__arm__core__aarch32__cortex_m.a(exc_exit.S.obj)
                0x00002954                z_arm_int_exit
                0x00002954                z_arm_exc_exit
 .text.__fault  0x00002970       0x14 zephyr/arch/arch/arm/core/aarch32/cortex_m/libarch__arm__core__aarch32__cortex_m.a(fault_s.S.obj)
                0x00002970                z_arm_usage_fault
                0x00002970                z_arm_mpu_fault
                0x00002970                z_arm_exc_spurious
                0x00002970                z_arm_debug_monitor
                0x00002970                z_arm_hard_fault
                0x00002970                z_arm_bus_fault
 .text._reset_section
                0x00002984       0x54 zephyr/arch/arch/arm/core/aarch32/cortex_m/libarch__arm__core__aarch32__cortex_m.a(reset.S.obj)
                0x00002984                __start
                0x00002984                z_arm_reset
 .text.mem_manage_fault
                0x000029d8       0xa4 zephyr/arch/arch/arm/core/aarch32/cortex_m/libarch__arm__core__aarch32__cortex_m.a(fault.c.obj)
 .text.bus_fault.isra.0
                0x00002a7c       0x3c zephyr/arch/arch/arm/core/aarch32/cortex_m/libarch__arm__core__aarch32__cortex_m.a(fault.c.obj)
 .text.usage_fault.isra.0
                0x00002ab8       0x24 zephyr/arch/arch/arm/core/aarch32/cortex_m/libarch__arm__core__aarch32__cortex_m.a(fault.c.obj)
 .text.z_arm_fault
                0x00002adc      0x17c zephyr/arch/arch/arm/core/aarch32/cortex_m/libarch__arm__core__aarch32__cortex_m.a(fault.c.obj)
                0x00002adc                z_arm_fault
 .text.z_arm_fault_init
                0x00002c58       0x10 zephyr/arch/arch/arm/core/aarch32/cortex_m/libarch__arm__core__aarch32__cortex_m.a(fault.c.obj)
                0x00002c58                z_arm_fault_init
 .text.z_arm_interrupt_init
                0x00002c68       0x18 zephyr/arch/arch/arm/core/aarch32/cortex_m/libarch__arm__core__aarch32__cortex_m.a(irq_init.c.obj)
                0x00002c68                z_arm_interrupt_init
 .text.z_arm_clear_arm_mpu_config
                0x00002c80       0x20 zephyr/arch/arch/arm/core/aarch32/cortex_m/libarch__arm__core__aarch32__cortex_m.a(scb.c.obj)
                0x00002c80                z_arm_clear_arm_mpu_config
 .text.z_arm_init_arch_hw_at_boot
                0x00002ca0       0x64 zephyr/arch/arch/arm/core/aarch32/cortex_m/libarch__arm__core__aarch32__cortex_m.a(scb.c.obj)
                0x00002ca0                z_arm_init_arch_hw_at_boot
 .text.z_impl_k_thread_abort
                0x00002d04       0x24 zephyr/arch/arch/arm/core/aarch32/cortex_m/libarch__arm__core__aarch32__cortex_m.a(thread_abort.c.obj)
                0x00002d04                z_impl_k_thread_abort
 .text.z_arm_configure_static_mpu_regions
                0x00002d28       0x18 zephyr/arch/arch/arm/core/aarch32/mpu/libarch__arm__core__aarch32__mpu.a(arm_core_mpu.c.obj)
                0x00002d28                z_arm_configure_static_mpu_regions
 .text.z_arm_configure_dynamic_mpu_regions
                0x00002d40       0x20 zephyr/arch/arch/arm/core/aarch32/mpu/libarch__arm__core__aarch32__mpu.a(arm_core_mpu.c.obj)
                0x00002d40                z_arm_configure_dynamic_mpu_regions
 .text.mpu_configure_regions
                0x00002d60       0x80 zephyr/arch/arch/arm/core/aarch32/mpu/libarch__arm__core__aarch32__mpu.a(arm_mpu.c.obj)
 .text.arm_core_mpu_enable
                0x00002de0       0x14 zephyr/arch/arch/arm/core/aarch32/mpu/libarch__arm__core__aarch32__mpu.a(arm_mpu.c.obj)
                0x00002de0                arm_core_mpu_enable
 .text.arm_core_mpu_disable
                0x00002df4       0x10 zephyr/arch/arch/arm/core/aarch32/mpu/libarch__arm__core__aarch32__mpu.a(arm_mpu.c.obj)
                0x00002df4                arm_core_mpu_disable
 .text.arm_core_mpu_configure_static_mpu_regions
                0x00002e04       0x50 zephyr/arch/arch/arm/core/aarch32/mpu/libarch__arm__core__aarch32__mpu.a(arm_mpu.c.obj)
                0x00002e04                arm_core_mpu_configure_static_mpu_regions
 .text.arm_core_mpu_configure_dynamic_mpu_regions
                0x00002e54       0x64 zephyr/arch/arch/arm/core/aarch32/mpu/libarch__arm__core__aarch32__mpu.a(arm_mpu.c.obj)
                0x00002e54                arm_core_mpu_configure_dynamic_mpu_regions
 .text.z_arm_mpu_init
                0x00002eb8       0xbc zephyr/arch/arch/arm/core/aarch32/mpu/libarch__arm__core__aarch32__mpu.a(arm_mpu.c.obj)
                0x00002eb8                z_arm_mpu_init
 .text.printf   0x00002f74       0x24 zephyr/lib/libc/minimal/liblib__libc__minimal.a(fprintf.c.obj)
                0x00002f74                printf
 .text.__stdout_hook_install
                0x00002f98        0xc zephyr/lib/libc/minimal/liblib__libc__minimal.a(stdout_console.c.obj)
                0x00002f98                __stdout_hook_install
 .text.z_impl_zephyr_fputc
                0x00002fa4       0x18 zephyr/lib/libc/minimal/liblib__libc__minimal.a(stdout_console.c.obj)
                0x00002fa4                z_impl_zephyr_fputc
 .text.nordicsemi_nrf52_init
                0x00002fbc       0x64 zephyr/soc/arm/nordic_nrf/nrf52/libsoc__arm__nordic_nrf__nrf52.a(soc.c.obj)
 .text.sys_arch_reboot
                0x00003020       0x2c zephyr/soc/arm/nordic_nrf/nrf52/libsoc__arm__nordic_nrf__nrf52.a(soc.c.obj)
                0x00003020                sys_arch_reboot
 .text.arch_busy_wait
                0x0000304c       0x14 zephyr/soc/arm/nordic_nrf/nrf52/libsoc__arm__nordic_nrf__nrf52.a(soc.c.obj)
                0x0000304c                arch_busy_wait
 .text.adc_context_start_sampling.isra.0
                0x00003060       0x20 zephyr/drivers/adc/libdrivers__adc.a(adc_nrfx_saadc.c.obj)
 .text.adc_nrfx_channel_setup
                0x00003080       0xd4 zephyr/drivers/adc/libdrivers__adc.a(adc_nrfx_saadc.c.obj)
 .text.start_read.isra.0
                0x00003154      0x188 zephyr/drivers/adc/libdrivers__adc.a(adc_nrfx_saadc.c.obj)
 .text.adc_nrfx_read_async
                0x000032dc       0x44 zephyr/drivers/adc/libdrivers__adc.a(adc_nrfx_saadc.c.obj)
 .text.init_saadc
                0x00003320       0x48 zephyr/drivers/adc/libdrivers__adc.a(adc_nrfx_saadc.c.obj)
 .text.saadc_irq_handler
                0x00003368       0xf4 zephyr/drivers/adc/libdrivers__adc.a(adc_nrfx_saadc.c.obj)
 .text.adc_nrfx_read
                0x0000345c       0x40 zephyr/drivers/adc/libdrivers__adc.a(adc_nrfx_saadc.c.obj)
 .text.onoff_start
                0x0000349c       0x54 zephyr/drivers/clock_control/libdrivers__clock_control.a(clock_control_nrf.c.obj)
 .text.get_status
                0x000034f0       0x3c zephyr/drivers/clock_control/libdrivers__clock_control.a(clock_control_nrf.c.obj)
 .text.stop     0x0000352c       0x7c zephyr/drivers/clock_control/libdrivers__clock_control.a(clock_control_nrf.c.obj)
 .text.onoff_stop
                0x000035a8       0x28 zephyr/drivers/clock_control/libdrivers__clock_control.a(clock_control_nrf.c.obj)
 .text.clk_init
                0x000035d0       0x60 zephyr/drivers/clock_control/libdrivers__clock_control.a(clock_control_nrf.c.obj)
 .text.clkstarted_handle.constprop.0
                0x00003630       0x34 zephyr/drivers/clock_control/libdrivers__clock_control.a(clock_control_nrf.c.obj)
 .text.clock_event_handler
                0x00003664       0x60 zephyr/drivers/clock_control/libdrivers__clock_control.a(clock_control_nrf.c.obj)
 .text.generic_hfclk_start
                0x000036c4       0x64 zephyr/drivers/clock_control/libdrivers__clock_control.a(clock_control_nrf.c.obj)
 .text.generic_hfclk_stop
                0x00003728       0x2c zephyr/drivers/clock_control/libdrivers__clock_control.a(clock_control_nrf.c.obj)
 .text.api_blocking_start
                0x00003754       0x3c zephyr/drivers/clock_control/libdrivers__clock_control.a(clock_control_nrf.c.obj)
 .text.z_nrf_clock_control_lf_on
                0x00003790      0x158 zephyr/drivers/clock_control/libdrivers__clock_control.a(clock_control_nrf.c.obj)
                0x00003790                z_nrf_clock_control_lf_on
 .text.uart_console_init
                0x000038e8       0x30 zephyr/drivers/console/libdrivers__console.a(uart_console.c.obj)
 .text.console_out
                0x00003918       0x28 zephyr/drivers/console/libdrivers__console.a(uart_console.c.obj)
 .text.gpio_nrfx_manage_callback
                0x00003940       0xac zephyr/drivers/gpio/libdrivers__gpio.a(gpio_nrfx.c.obj)
 .text.nrfx_gpio_handler
                0x000039ec       0x98 zephyr/drivers/gpio/libdrivers__gpio.a(gpio_nrfx.c.obj)
 .text.gpio_nrfx_pin_interrupt_configure
                0x00003a84      0x130 zephyr/drivers/gpio/libdrivers__gpio.a(gpio_nrfx.c.obj)
 .text.gpio_nrfx_init
                0x00003bb4       0x38 zephyr/drivers/gpio/libdrivers__gpio.a(gpio_nrfx.c.obj)
 .text.gpio_nrfx_pin_configure
                0x00003bec      0x15c zephyr/drivers/gpio/libdrivers__gpio.a(gpio_nrfx.c.obj)
 .text.pwm_nrfx_get_cycles_per_sec
                0x00003d48       0x10 zephyr/drivers/pwm/libdrivers__pwm.a(pwm_nrfx.c.obj)
 .text.pwm_nrfx_init
                0x00003d58       0x44 zephyr/drivers/pwm/libdrivers__pwm.a(pwm_nrfx.c.obj)
 .text.nrf_gpio_pin_port_decode
                0x00003d9c       0x84 zephyr/drivers/pwm/libdrivers__pwm.a(pwm_nrfx.c.obj)
 .text.uarte_nrfx_configure
                0x00003e20      0x164 zephyr/drivers/serial/libdrivers__serial.a(uart_nrfx_uarte.c.obj)
 .text.nrf_gpio_pin_port_decode
                0x00003f84       0x84 zephyr/drivers/serial/libdrivers__serial.a(uart_nrfx_uarte.c.obj)
 .text.uarte_nrfx_poll_out
                0x00004008       0xc4 zephyr/drivers/serial/libdrivers__serial.a(uart_nrfx_uarte.c.obj)
 .text.uarte_instance_init.isra.0
                0x000040cc      0x198 zephyr/drivers/serial/libdrivers__serial.a(uart_nrfx_uarte.c.obj)
 .text.sys_clock_timeout_handler
                0x00004264       0x78 zephyr/drivers/timer/libdrivers__timer.a(nrf_rtc_timer.c.obj)
 .text.compare_int_lock
                0x000042dc       0x50 zephyr/drivers/timer/libdrivers__timer.a(nrf_rtc_timer.c.obj)
 .text.compare_int_unlock.part.0
                0x0000432c       0x5c zephyr/drivers/timer/libdrivers__timer.a(nrf_rtc_timer.c.obj)
 .text.z_nrf_rtc_timer_read
                0x00004388       0x44 zephyr/drivers/timer/libdrivers__timer.a(nrf_rtc_timer.c.obj)
                0x00004388                z_nrf_rtc_timer_read
 .text.compare_set
                0x000043cc      0x154 zephyr/drivers/timer/libdrivers__timer.a(nrf_rtc_timer.c.obj)
 .text.sys_clock_driver_init
                0x00004520       0x84 zephyr/drivers/timer/libdrivers__timer.a(nrf_rtc_timer.c.obj)
 .text.rtc_nrf_isr
                0x000045a4       0xf0 zephyr/drivers/timer/libdrivers__timer.a(nrf_rtc_timer.c.obj)
                0x000045a4                rtc_nrf_isr
 .text.sys_clock_set_timeout
                0x00004694       0x60 zephyr/drivers/timer/libdrivers__timer.a(nrf_rtc_timer.c.obj)
                0x00004694                sys_clock_set_timeout
 .text.sys_clock_elapsed
                0x000046f4       0x14 zephyr/drivers/timer/libdrivers__timer.a(nrf_rtc_timer.c.obj)
                0x000046f4                sys_clock_elapsed
 .text.nrf_clock_is_running.constprop.0
                0x00004708       0x68 modules/hal_nordic/nrfx/libmodules__hal_nordic__nrfx.a(nrfx_clock.c.obj)
 .text.nrfx_clock_init
                0x00004770       0x48 modules/hal_nordic/nrfx/libmodules__hal_nordic__nrfx.a(nrfx_clock.c.obj)
                0x00004770                nrfx_clock_init
 .text.nrfx_clock_enable
                0x000047b8       0x40 modules/hal_nordic/nrfx/libmodules__hal_nordic__nrfx.a(nrfx_clock.c.obj)
                0x000047b8                nrfx_clock_enable
 .text.nrfx_clock_start
                0x000047f8       0xa8 modules/hal_nordic/nrfx/libmodules__hal_nordic__nrfx.a(nrfx_clock.c.obj)
                0x000047f8                nrfx_clock_start
 .text.nrfx_clock_stop
                0x000048a0       0xdc modules/hal_nordic/nrfx/libmodules__hal_nordic__nrfx.a(nrfx_clock.c.obj)
                0x000048a0                nrfx_clock_stop
 .text.nrfx_power_clock_irq_handler
                0x0000497c       0x68 modules/hal_nordic/nrfx/libmodules__hal_nordic__nrfx.a(nrfx_clock.c.obj)
                0x0000497c                nrfx_power_clock_irq_handler
 .text.nrfx_flag32_alloc
                0x000049e4       0x48 modules/hal_nordic/nrfx/libmodules__hal_nordic__nrfx.a(nrfx_flag32_allocator.c.obj)
                0x000049e4                nrfx_flag32_alloc
 .text.nrfx_flag32_free
                0x00004a2c       0x44 modules/hal_nordic/nrfx/libmodules__hal_nordic__nrfx.a(nrfx_flag32_allocator.c.obj)
                0x00004a2c                nrfx_flag32_free
 .text.pin_is_task_output
                0x00004a70       0x1c modules/hal_nordic/nrfx/libmodules__hal_nordic__nrfx.a(nrfx_gpiote.c.obj)
 .text.call_handler
                0x00004a8c       0x3c modules/hal_nordic/nrfx/libmodules__hal_nordic__nrfx.a(nrfx_gpiote.c.obj)
 .text.release_handler
                0x00004ac8       0x80 modules/hal_nordic/nrfx/libmodules__hal_nordic__nrfx.a(nrfx_gpiote.c.obj)
 .text.pin_handler_trigger_uninit
                0x00004b48       0x34 modules/hal_nordic/nrfx/libmodules__hal_nordic__nrfx.a(nrfx_gpiote.c.obj)
 .text.nrf_gpio_pin_port_decode
                0x00004b7c       0x6c modules/hal_nordic/nrfx/libmodules__hal_nordic__nrfx.a(nrfx_gpiote.c.obj)
 .text.nrfx_gpiote_input_configure
                0x00004be8      0x150 modules/hal_nordic/nrfx/libmodules__hal_nordic__nrfx.a(nrfx_gpiote.c.obj)
                0x00004be8                nrfx_gpiote_input_configure
 .text.nrfx_gpiote_output_configure
                0x00004d38       0xe0 modules/hal_nordic/nrfx/libmodules__hal_nordic__nrfx.a(nrfx_gpiote.c.obj)
                0x00004d38                nrfx_gpiote_output_configure
 .text.nrfx_gpiote_global_callback_set
                0x00004e18        0xc modules/hal_nordic/nrfx/libmodules__hal_nordic__nrfx.a(nrfx_gpiote.c.obj)
                0x00004e18                nrfx_gpiote_global_callback_set
 .text.nrfx_gpiote_channel_get
                0x00004e24       0x50 modules/hal_nordic/nrfx/libmodules__hal_nordic__nrfx.a(nrfx_gpiote.c.obj)
                0x00004e24                nrfx_gpiote_channel_get
 .text.nrfx_gpiote_init
                0x00004e74       0x50 modules/hal_nordic/nrfx/libmodules__hal_nordic__nrfx.a(nrfx_gpiote.c.obj)
                0x00004e74                nrfx_gpiote_init
 .text.nrfx_gpiote_is_init
                0x00004ec4       0x14 modules/hal_nordic/nrfx/libmodules__hal_nordic__nrfx.a(nrfx_gpiote.c.obj)
                0x00004ec4                nrfx_gpiote_is_init
 .text.nrfx_gpiote_channel_free
                0x00004ed8        0xc modules/hal_nordic/nrfx/libmodules__hal_nordic__nrfx.a(nrfx_gpiote.c.obj)
                0x00004ed8                nrfx_gpiote_channel_free
 .text.nrfx_gpiote_channel_alloc
                0x00004ee4        0xc modules/hal_nordic/nrfx/libmodules__hal_nordic__nrfx.a(nrfx_gpiote.c.obj)
                0x00004ee4                nrfx_gpiote_channel_alloc
 .text.nrfx_gpiote_trigger_enable
                0x00004ef0       0xe0 modules/hal_nordic/nrfx/libmodules__hal_nordic__nrfx.a(nrfx_gpiote.c.obj)
                0x00004ef0                nrfx_gpiote_trigger_enable
 .text.nrfx_gpiote_trigger_disable
                0x00004fd0       0x44 modules/hal_nordic/nrfx/libmodules__hal_nordic__nrfx.a(nrfx_gpiote.c.obj)
                0x00004fd0                nrfx_gpiote_trigger_disable
 .text.nrfx_gpiote_pin_uninit
                0x00005014       0x48 modules/hal_nordic/nrfx/libmodules__hal_nordic__nrfx.a(nrfx_gpiote.c.obj)
                0x00005014                nrfx_gpiote_pin_uninit
 .text.nrfx_gpiote_irq_handler
                0x0000505c      0x1b4 modules/hal_nordic/nrfx/libmodules__hal_nordic__nrfx.a(nrfx_gpiote.c.obj)
                0x0000505c                nrfx_gpiote_irq_handler
 .text.nrfx_ppi_channel_alloc
                0x00005210        0xc modules/hal_nordic/nrfx/libmodules__hal_nordic__nrfx.a(nrfx_ppi.c.obj)
                0x00005210                nrfx_ppi_channel_alloc
 .text.nrf_pwm_sequence_set
                0x0000521c       0xf8 modules/hal_nordic/nrfx/libmodules__hal_nordic__nrfx.a(nrfx_pwm.c.obj)
 .text.nrf_gpio_pin_port_decode
                0x00005314       0x84 modules/hal_nordic/nrfx/libmodules__hal_nordic__nrfx.a(nrfx_pwm.c.obj)
 .text.nrfx_pwm_init
                0x00005398      0x198 modules/hal_nordic/nrfx/libmodules__hal_nordic__nrfx.a(nrfx_pwm.c.obj)
                0x00005398                nrfx_pwm_init
 .text.nrfx_pwm_simple_playback
                0x00005530       0xe8 modules/hal_nordic/nrfx/libmodules__hal_nordic__nrfx.a(nrfx_pwm.c.obj)
                0x00005530                nrfx_pwm_simple_playback
 .text.nrfx_pwm_is_stopped
                0x00005618       0x5c modules/hal_nordic/nrfx/libmodules__hal_nordic__nrfx.a(nrfx_pwm.c.obj)
                0x00005618                nrfx_pwm_is_stopped
 .text.nrfx_pwm_stop
                0x00005674       0x64 modules/hal_nordic/nrfx/libmodules__hal_nordic__nrfx.a(nrfx_pwm.c.obj)
                0x00005674                nrfx_pwm_stop
 .text.nrf52_errata_36
                0x000056d8       0x14 modules/hal_nordic/nrfx/libmodules__hal_nordic__nrfx.a(system_nrf52840.c.obj)
 .text.nrf52_errata_98
                0x000056ec       0x28 modules/hal_nordic/nrfx/libmodules__hal_nordic__nrfx.a(system_nrf52840.c.obj)
 .text.nvmc_wait
                0x00005714       0x10 modules/hal_nordic/nrfx/libmodules__hal_nordic__nrfx.a(system_nrf52840.c.obj)
                0x00005714                nvmc_wait
 .text.SystemInit
                0x00005724      0x1d0 modules/hal_nordic/nrfx/libmodules__hal_nordic__nrfx.a(system_nrf52840.c.obj)
                0x00005724                SystemInit
 .text.z_sys_init_run_level
                0x000058f4       0x40 zephyr/kernel/libkernel.a(device.c.obj)
                0x000058f4                z_sys_init_run_level
 .text.z_impl_device_get_binding
                0x00005934       0x58 zephyr/kernel/libkernel.a(device.c.obj)
                0x00005934                z_impl_device_get_binding
 .text.z_fatal_error
                0x0000598c       0x64 zephyr/kernel/libkernel.a(fatal.c.obj)
                0x0000598c                z_fatal_error
 .text.idle     0x000059f0       0x58 zephyr/kernel/libkernel.a(idle.c.obj)
                0x000059f0                idle
 .text.init_idle_thread
                0x00005a48       0x58 zephyr/kernel/libkernel.a(init.c.obj)
 .text.bg_thread_main
                0x00005aa0       0x34 zephyr/kernel/libkernel.a(init.c.obj)
 .text.z_bss_zero
                0x00005ad4       0x14 zephyr/kernel/libkernel.a(init.c.obj)
                0x00005ad4                z_bss_zero
 .text.z_cstart
                0x00005ae8       0xe4 zephyr/kernel/libkernel.a(init.c.obj)
                0x00005ae8                z_cstart
 .text.init_mem_slab_module
                0x00005bcc       0x78 zephyr/kernel/libkernel.a(mem_slab.c.obj)
 .text.k_mem_slab_alloc
                0x00005c44       0xd8 zephyr/kernel/libkernel.a(mem_slab.c.obj)
                0x00005c44                k_mem_slab_alloc
 .text.k_mem_slab_free
                0x00005d1c       0xc8 zephyr/kernel/libkernel.a(mem_slab.c.obj)
                0x00005d1c                k_mem_slab_free
 .text.z_impl_k_mutex_lock
                0x00005de4      0x200 zephyr/kernel/libkernel.a(mutex.c.obj)
                0x00005de4                z_impl_k_mutex_lock
 .text.z_impl_k_mutex_unlock
                0x00005fe4      0x190 zephyr/kernel/libkernel.a(mutex.c.obj)
                0x00005fe4                z_impl_k_mutex_unlock
 .text.signal_poll_event
                0x00006174       0xec zephyr/kernel/libkernel.a(poll.c.obj)
 .text.z_impl_k_poll_signal_raise
                0x00006260       0xb8 zephyr/kernel/libkernel.a(poll.c.obj)
                0x00006260                z_impl_k_poll_signal_raise
 .text.z_reset_time_slice
                0x00006318       0x2c zephyr/kernel/libkernel.a(sched.c.obj)
                0x00006318                z_reset_time_slice
 .text.k_sched_time_slice_set
                0x00006344       0xcc zephyr/kernel/libkernel.a(sched.c.obj)
                0x00006344                k_sched_time_slice_set
 .text.z_unpend_thread_no_timeout
                0x00006410       0x90 zephyr/kernel/libkernel.a(sched.c.obj)
                0x00006410                z_unpend_thread_no_timeout
 .text.z_reschedule
                0x000064a0       0x88 zephyr/kernel/libkernel.a(sched.c.obj)
                0x000064a0                z_reschedule
 .text.k_sched_lock
                0x00006528       0xe8 zephyr/kernel/libkernel.a(sched.c.obj)
                0x00006528                k_sched_lock
 .text.z_priq_dumb_remove
                0x00006610       0x44 zephyr/kernel/libkernel.a(sched.c.obj)
                0x00006610                z_priq_dumb_remove
 .text.unpend_thread_no_timeout
                0x00006654       0x44 zephyr/kernel/libkernel.a(sched.c.obj)
 .text.z_unpend_thread
                0x00006698       0x98 zephyr/kernel/libkernel.a(sched.c.obj)
                0x00006698                z_unpend_thread
 .text.update_cache
                0x00006730       0x70 zephyr/kernel/libkernel.a(sched.c.obj)
 .text.move_thread_to_end_of_prio_q
                0x000067a0       0xac zephyr/kernel/libkernel.a(sched.c.obj)
 .text.z_time_slice
                0x0000684c       0xf0 zephyr/kernel/libkernel.a(sched.c.obj)
                0x0000684c                z_time_slice
 .text.ready_thread
                0x0000693c       0xa4 zephyr/kernel/libkernel.a(sched.c.obj)
 .text.z_ready_thread
                0x000069e0       0x90 zephyr/kernel/libkernel.a(sched.c.obj)
                0x000069e0                z_ready_thread
 .text.z_sched_start
                0x00006a70       0xa8 zephyr/kernel/libkernel.a(sched.c.obj)
                0x00006a70                z_sched_start
 .text.z_thread_timeout
                0x00006b18       0xb4 zephyr/kernel/libkernel.a(sched.c.obj)
                0x00006b18                z_thread_timeout
 .text.unready_thread
                0x00006bcc       0x38 zephyr/kernel/libkernel.a(sched.c.obj)
 .text.add_to_waitq_locked
                0x00006c04       0x84 zephyr/kernel/libkernel.a(sched.c.obj)
 .text.pend     0x00006c88       0xbc zephyr/kernel/libkernel.a(sched.c.obj)
 .text.z_pend_curr
                0x00006d44       0x60 zephyr/kernel/libkernel.a(sched.c.obj)
                0x00006d44                z_pend_curr
 .text.z_set_prio
                0x00006da4      0x138 zephyr/kernel/libkernel.a(sched.c.obj)
                0x00006da4                z_set_prio
 .text.z_impl_k_thread_suspend
                0x00006edc       0xd4 zephyr/kernel/libkernel.a(sched.c.obj)
                0x00006edc                z_impl_k_thread_suspend
 .text.k_sched_unlock
                0x00006fb0       0xf8 zephyr/kernel/libkernel.a(sched.c.obj)
                0x00006fb0                k_sched_unlock
 .text.z_unpend1_no_timeout
                0x000070a8       0x98 zephyr/kernel/libkernel.a(sched.c.obj)
                0x000070a8                z_unpend1_no_timeout
 .text.z_unpend_first_thread
                0x00007140       0xa0 zephyr/kernel/libkernel.a(sched.c.obj)
                0x00007140                z_unpend_first_thread
 .text.z_sched_init
                0x000071e0       0x18 zephyr/kernel/libkernel.a(sched.c.obj)
                0x000071e0                z_sched_init
 .text.z_impl_k_yield
                0x000071f8      0x148 zephyr/kernel/libkernel.a(sched.c.obj)
                0x000071f8                z_impl_k_yield
 .text.z_tick_sleep
                0x00007340      0x15c zephyr/kernel/libkernel.a(sched.c.obj)
 .text.z_impl_k_sleep
                0x0000749c       0x70 zephyr/kernel/libkernel.a(sched.c.obj)
                0x0000749c                z_impl_k_sleep
 .text.z_impl_z_current_get
                0x0000750c        0xc zephyr/kernel/libkernel.a(sched.c.obj)
                0x0000750c                z_impl_z_current_get
 .text.z_impl_k_is_preempt_thread
                0x00007518       0x20 zephyr/kernel/libkernel.a(sched.c.obj)
                0x00007518                z_impl_k_is_preempt_thread
 .text.z_thread_abort
                0x00007538      0x168 zephyr/kernel/libkernel.a(sched.c.obj)
                0x00007538                z_thread_abort
 .text.z_sched_wake
                0x000076a0       0xb0 zephyr/kernel/libkernel.a(sched.c.obj)
                0x000076a0                z_sched_wake
 .text.z_sched_wait
                0x00007750       0x24 zephyr/kernel/libkernel.a(sched.c.obj)
                0x00007750                z_sched_wait
 .text.z_impl_k_sem_give
                0x00007774       0x88 zephyr/kernel/libkernel.a(sem.c.obj)
                0x00007774                z_impl_k_sem_give
 .text.z_impl_k_sem_take
                0x000077fc      0x114 zephyr/kernel/libkernel.a(sem.c.obj)
                0x000077fc                z_impl_k_sem_take
 .text.k_sys_work_q_init
                0x00007910       0x34 zephyr/kernel/libkernel.a(system_work_q.c.obj)
 .text.z_setup_new_thread
                0x00007944       0xc8 zephyr/kernel/libkernel.a(thread.c.obj)
                0x00007944                z_setup_new_thread
 .text.z_impl_k_thread_create
                0x00007a0c       0x9c zephyr/kernel/libkernel.a(thread.c.obj)
                0x00007a0c                z_impl_k_thread_create
 .text.z_init_static_threads
                0x00007aa8      0x120 zephyr/kernel/libkernel.a(thread.c.obj)
                0x00007aa8                z_init_static_threads
 .text.z_spin_lock_valid
                0x00007bc8       0x1c zephyr/kernel/libkernel.a(thread.c.obj)
                0x00007bc8                z_spin_lock_valid
 .text.z_spin_unlock_valid
                0x00007be4       0x20 zephyr/kernel/libkernel.a(thread.c.obj)
                0x00007be4                z_spin_unlock_valid
 .text.z_spin_lock_set_owner
                0x00007c04       0x10 zephyr/kernel/libkernel.a(thread.c.obj)
                0x00007c04                z_spin_lock_set_owner
 .text.elapsed  0x00007c14       0x14 zephyr/kernel/libkernel.a(timeout.c.obj)
 .text.next_timeout
                0x00007c28       0x58 zephyr/kernel/libkernel.a(timeout.c.obj)
 .text.remove_timeout
                0x00007c80       0x34 zephyr/kernel/libkernel.a(timeout.c.obj)
 .text.z_add_timeout
                0x00007cb4      0x1a8 zephyr/kernel/libkernel.a(timeout.c.obj)
                0x00007cb4                z_add_timeout
 .text.z_abort_timeout
                0x00007e5c       0x9c zephyr/kernel/libkernel.a(timeout.c.obj)
                0x00007e5c                z_abort_timeout
 .text.z_get_next_timeout_expiry
                0x00007ef8       0x90 zephyr/kernel/libkernel.a(timeout.c.obj)
                0x00007ef8                z_get_next_timeout_expiry
 .text.z_set_timeout_expiry
                0x00007f88       0xa0 zephyr/kernel/libkernel.a(timeout.c.obj)
                0x00007f88                z_set_timeout_expiry
 .text.sys_clock_announce
                0x00008028      0x198 zephyr/kernel/libkernel.a(timeout.c.obj)
                0x00008028                sys_clock_announce
 .text.sys_clock_tick_get
                0x000081c0       0xa0 zephyr/kernel/libkernel.a(timeout.c.obj)
                0x000081c0                sys_clock_tick_get
 .text.z_timer_expiration_handler
                0x00008260      0x168 zephyr/kernel/libkernel.a(timer.c.obj)
                0x00008260                z_timer_expiration_handler
 .text.z_impl_k_timer_start
                0x000083c8       0xc0 zephyr/kernel/libkernel.a(timer.c.obj)
                0x000083c8                z_impl_k_timer_start
 .text.work_queue_main
                0x00008488      0x228 zephyr/kernel/libkernel.a(work.c.obj)
 .text.submit_to_queue_locked
                0x000086b0       0xc8 zephyr/kernel/libkernel.a(work.c.obj)
 .text.k_work_submit_to_queue
                0x00008778       0xc8 zephyr/kernel/libkernel.a(work.c.obj)
                0x00008778                k_work_submit_to_queue
 .text.k_work_queue_start
                0x00008840       0xe4 zephyr/kernel/libkernel.a(work.c.obj)
                0x00008840                k_work_queue_start
 .text.z_data_copy
                0x00008924       0x34 zephyr/kernel/libkernel.a(xip.c.obj)
                0x00008924                z_data_copy
 .text.boot_banner
                0x00008958       0x18 zephyr/kernel/libkernel.a(banner.c.obj)
                0x00008958                boot_banner
 .text.nrf_cc3xx_platform_init_no_rng
                0x00008970       0x38 C:/Users/bruno/ncs/v1.9.1/nrfxlib/crypto/nrf_cc310_platform/lib/cortex-m4/soft-float/no-interrupts/libnrf_cc310_platform_0.9.13.a(nrf_cc3xx_platform.c.obj)
                0x00008970                nrf_cc3xx_platform_init_no_rng
 .text.nrf_cc3xx_platform_abort
                0x000089a8       0x24 C:/Users/bruno/ncs/v1.9.1/nrfxlib/crypto/nrf_cc310_platform/lib/cortex-m4/soft-float/no-interrupts/libnrf_cc310_platform_0.9.13.a(nrf_cc3xx_platform_abort.c.obj)
 .text.CC_PalAbort
                0x000089cc       0x40 C:/Users/bruno/ncs/v1.9.1/nrfxlib/crypto/nrf_cc310_platform/lib/cortex-m4/soft-float/no-interrupts/libnrf_cc310_platform_0.9.13.a(nrf_cc3xx_platform_abort.c.obj)
                0x000089cc                CC_PalAbort
 .text.nrf_cc3xx_platform_set_abort
                0x00008a0c       0x10 C:/Users/bruno/ncs/v1.9.1/nrfxlib/crypto/nrf_cc310_platform/lib/cortex-m4/soft-float/no-interrupts/libnrf_cc310_platform_0.9.13.a(nrf_cc3xx_platform_abort.c.obj)
                0x00008a0c                nrf_cc3xx_platform_set_abort
 .text.mutex_free
                0x00008a1c       0x28 C:/Users/bruno/ncs/v1.9.1/nrfxlib/crypto/nrf_cc310_platform/lib/cortex-m4/soft-float/no-interrupts/libnrf_cc310_platform_0.9.13.a(nrf_cc3xx_platform_mutex.c.obj)
 .text.mutex_unlock
                0x00008a44       0x2c C:/Users/bruno/ncs/v1.9.1/nrfxlib/crypto/nrf_cc310_platform/lib/cortex-m4/soft-float/no-interrupts/libnrf_cc310_platform_0.9.13.a(nrf_cc3xx_platform_mutex.c.obj)
 .text.mutex_init
                0x00008a70       0x1c C:/Users/bruno/ncs/v1.9.1/nrfxlib/crypto/nrf_cc310_platform/lib/cortex-m4/soft-float/no-interrupts/libnrf_cc310_platform_0.9.13.a(nrf_cc3xx_platform_mutex.c.obj)
 .text.mutex_lock
                0x00008a8c       0x44 C:/Users/bruno/ncs/v1.9.1/nrfxlib/crypto/nrf_cc310_platform/lib/cortex-m4/soft-float/no-interrupts/libnrf_cc310_platform_0.9.13.a(nrf_cc3xx_platform_mutex.c.obj)
 .text.nrf_cc3xx_platform_set_mutexes
                0x00008ad0       0x60 C:/Users/bruno/ncs/v1.9.1/nrfxlib/crypto/nrf_cc310_platform/lib/cortex-m4/soft-float/no-interrupts/libnrf_cc310_platform_0.9.13.a(nrf_cc3xx_platform_mutex.c.obj)
                0x00008ad0                nrf_cc3xx_platform_set_mutexes
 .text.CC_LibInitNoRng
                0x00008b30       0x6c C:/Users/bruno/ncs/v1.9.1/nrfxlib/crypto/nrf_cc310_platform/lib/cortex-m4/soft-float/no-interrupts/libnrf_cc310_platform_0.9.13.a(cc_lib.c.obj)
                0x00008b30                CC_LibInitNoRng
 .text.CC_HalInit
                0x00008b9c        0x4 C:/Users/bruno/ncs/v1.9.1/nrfxlib/crypto/nrf_cc310_platform/lib/cortex-m4/soft-float/no-interrupts/libnrf_cc310_platform_0.9.13.a(cc_hal.c.obj)
                0x00008b9c                CC_HalInit
 .text.CC_HalTerminate
                0x00008ba0        0x4 C:/Users/bruno/ncs/v1.9.1/nrfxlib/crypto/nrf_cc310_platform/lib/cortex-m4/soft-float/no-interrupts/libnrf_cc310_platform_0.9.13.a(cc_hal.c.obj)
                0x00008ba0                CC_HalTerminate
 .text.CC_HalMaskInterrupt
                0x00008ba4        0xc C:/Users/bruno/ncs/v1.9.1/nrfxlib/crypto/nrf_cc310_platform/lib/cortex-m4/soft-float/no-interrupts/libnrf_cc310_platform_0.9.13.a(cc_hal.c.obj)
                0x00008ba4                CC_HalMaskInterrupt
 .text.CC_PalInit
                0x00008bb0       0x5c C:/Users/bruno/ncs/v1.9.1/nrfxlib/crypto/nrf_cc310_platform/lib/cortex-m4/soft-float/no-interrupts/libnrf_cc310_platform_0.9.13.a(cc_pal.c.obj)
                0x00008bb0                CC_PalInit
 .text.CC_PalTerminate
                0x00008c0c       0x34 C:/Users/bruno/ncs/v1.9.1/nrfxlib/crypto/nrf_cc310_platform/lib/cortex-m4/soft-float/no-interrupts/libnrf_cc310_platform_0.9.13.a(cc_pal.c.obj)
                0x00008c0c                CC_PalTerminate
 .text.CC_PalDmaInit
                0x00008c40        0x4 C:/Users/bruno/ncs/v1.9.1/nrfxlib/crypto/nrf_cc310_platform/lib/cortex-m4/soft-float/no-interrupts/libnrf_cc310_platform_0.9.13.a(cc_pal_dma.c.obj)
                0x00008c40                CC_PalDmaInit
 .text.CC_PalDmaTerminate
                0x00008c44        0x4 C:/Users/bruno/ncs/v1.9.1/nrfxlib/crypto/nrf_cc310_platform/lib/cortex-m4/soft-float/no-interrupts/libnrf_cc310_platform_0.9.13.a(cc_pal_dma.c.obj)
                0x00008c44                CC_PalDmaTerminate
 .text.CC_PalMutexCreate
                0x00008c48       0x14 C:/Users/bruno/ncs/v1.9.1/nrfxlib/crypto/nrf_cc310_platform/lib/cortex-m4/soft-float/no-interrupts/libnrf_cc310_platform_0.9.13.a(cc_pal_mutex.c.obj)
                0x00008c48                CC_PalMutexCreate
 .text.CC_PalMutexDestroy
                0x00008c5c       0x14 C:/Users/bruno/ncs/v1.9.1/nrfxlib/crypto/nrf_cc310_platform/lib/cortex-m4/soft-float/no-interrupts/libnrf_cc310_platform_0.9.13.a(cc_pal_mutex.c.obj)
                0x00008c5c                CC_PalMutexDestroy
 .text.CC_PalPowerSaveModeInit
                0x00008c70       0x3c C:/Users/bruno/ncs/v1.9.1/nrfxlib/crypto/nrf_cc310_platform/lib/cortex-m4/soft-float/no-interrupts/libnrf_cc310_platform_0.9.13.a(cc_pal_pm.c.obj)
                0x00008c70                CC_PalPowerSaveModeInit
 .text.CC_PalPowerSaveModeSelect
                0x00008cac       0x84 C:/Users/bruno/ncs/v1.9.1/nrfxlib/crypto/nrf_cc310_platform/lib/cortex-m4/soft-float/no-interrupts/libnrf_cc310_platform_0.9.13.a(cc_pal_pm.c.obj)
                0x00008cac                CC_PalPowerSaveModeSelect
 .text.gpio_add_callback
                0x00008d30       0x10 app/libapp.a(main.c.obj)
 .text.k_sem_take.constprop.0
                0x00008d40        0x4 app/libapp.a(main.c.obj)
 .text.k_sem_init.constprop.0
                0x00008d44        0x8 app/libapp.a(main.c.obj)
 .text.assert_post_action
                0x00008d4c        0xe zephyr/libzephyr.a(assert.c.obj)
                0x00008d4c                assert_post_action
 .text.encode_uint
                0x00008d5a       0x96 zephyr/libzephyr.a(cbprintf_complete.c.obj)
 .text.outs     0x00008df0       0x2c zephyr/libzephyr.a(cbprintf_complete.c.obj)
 .text._ConfigAbsSyms
                0x00008e1c        0x2 zephyr/libzephyr.a(configs.c.obj)
                0x00008e1c                _ConfigAbsSyms
 .text.sys_notify_validate
                0x00008e1e       0x28 zephyr/libzephyr.a(notify.c.obj)
                0x00008e1e                sys_notify_validate
 .text.abort_function
                0x00008e46        0x8 zephyr/libzephyr.a(nrf_cc3xx_platform_abort_zephyr.c.obj)
 .text.process_recheck
                0x00008e4e       0x38 zephyr/libzephyr.a(onoff.c.obj)
 .text.notify_one
                0x00008e86       0x2c zephyr/libzephyr.a(onoff.c.obj)
 .text.validate_args
                0x00008eb2       0x1e zephyr/libzephyr.a(onoff.c.obj)
 .text.onoff_manager_init
                0x00008ed0       0x26 zephyr/libzephyr.a(onoff.c.obj)
                0x00008ed0                onoff_manager_init
 .text.arch_printk_char_out
                0x00008ef6        0x4 zephyr/libzephyr.a(printk.c.obj)
                0x00008ef6                arch_printk_char_out
 .text.printk   0x00008efa       0x1a zephyr/libzephyr.a(printk.c.obj)
                0x00008efa                printk
 .text.pm_policy_next_state
                0x00008f14        0xa zephyr/libzephyr.a(residency.c.obj)
                0x00008f14                pm_policy_next_state
 .text.z_thread_entry
                0x00008f1e       0x14 zephyr/libzephyr.a(thread_entry.c.obj)
                0x00008f1e                z_thread_entry
 .text.z_arm_fatal_error
                0x00008f32        0x4 zephyr/arch/arch/arm/core/aarch32/libarch__arm__core__aarch32.a(fatal.c.obj)
                0x00008f32                z_arm_fatal_error
 .text.z_do_kernel_oops
                0x00008f36        0x8 zephyr/arch/arch/arm/core/aarch32/libarch__arm__core__aarch32.a(fatal.c.obj)
                0x00008f36                z_do_kernel_oops
 .text.z_irq_spurious
                0x00008f3e        0x8 zephyr/arch/arch/arm/core/aarch32/libarch__arm__core__aarch32.a(irq_manage.c.obj)
                0x00008f3e                z_irq_spurious
 .text.z_arm_nmi
                0x00008f46        0xe zephyr/arch/arch/arm/core/aarch32/libarch__arm__core__aarch32.a(nmi.c.obj)
                0x00008f46                z_arm_nmi
 .text._stdout_hook_default
                0x00008f54        0x6 zephyr/lib/libc/minimal/liblib__libc__minimal.a(stdout_console.c.obj)
 .text.fputc    0x00008f5a        0x4 zephyr/lib/libc/minimal/liblib__libc__minimal.a(stdout_console.c.obj)
                0x00008f5a                fputc
 .text.strlen   0x00008f5e        0xe zephyr/lib/libc/minimal/liblib__libc__minimal.a(string.c.obj)
                0x00008f5e                strlen
 .text.strnlen  0x00008f6c       0x12 zephyr/lib/libc/minimal/liblib__libc__minimal.a(string.c.obj)
                0x00008f6c                strnlen
 .text.strcmp   0x00008f7e       0x18 zephyr/lib/libc/minimal/liblib__libc__minimal.a(string.c.obj)
                0x00008f7e                strcmp
 .text.memcpy   0x00008f96       0x16 zephyr/lib/libc/minimal/liblib__libc__minimal.a(string.c.obj)
                0x00008f96                memcpy
 .text.memset   0x00008fac       0x12 zephyr/lib/libc/minimal/liblib__libc__minimal.a(string.c.obj)
                0x00008fac                memset
 .text.pm_power_state_set
                0x00008fbe       0x26 zephyr/soc/arm/nordic_nrf/nrf52/libsoc__arm__nordic_nrf__nrf52.a(power.c.obj)
                0x00008fbe                pm_power_state_set
 .text.pm_power_state_exit_post_ops
                0x00008fe4       0x16 zephyr/soc/arm/nordic_nrf/nrf52/libsoc__arm__nordic_nrf__nrf52.a(power.c.obj)
                0x00008fe4                pm_power_state_exit_post_ops
 .text.adc_context_on_timer_expired
                0x00008ffa       0x2e zephyr/drivers/adc/libdrivers__adc.a(adc_nrfx_saadc.c.obj)
 .text.set_starting_state
                0x00009028       0x3c zephyr/drivers/clock_control/libdrivers__clock_control.a(clock_control_nrf.c.obj)
 .text.set_on_state
                0x00009064       0x26 zephyr/drivers/clock_control/libdrivers__clock_control.a(clock_control_nrf.c.obj)
 .text.onoff_started_callback
                0x0000908a        0xc zephyr/drivers/clock_control/libdrivers__clock_control.a(clock_control_nrf.c.obj)
 .text.lfclk_start
                0x00009096        0x6 zephyr/drivers/clock_control/libdrivers__clock_control.a(clock_control_nrf.c.obj)
 .text.lfclk_stop
                0x0000909c        0x6 zephyr/drivers/clock_control/libdrivers__clock_control.a(clock_control_nrf.c.obj)
 .text.api_stop
                0x000090a2        0x6 zephyr/drivers/clock_control/libdrivers__clock_control.a(clock_control_nrf.c.obj)
 .text.blocking_start_callback
                0x000090a8        0x6 zephyr/drivers/clock_control/libdrivers__clock_control.a(clock_control_nrf.c.obj)
 .text.api_start
                0x000090ae       0x36 zephyr/drivers/clock_control/libdrivers__clock_control.a(clock_control_nrf.c.obj)
 .text.gpio_nrfx_port_get_raw
                0x000090e4        0xe zephyr/drivers/gpio/libdrivers__gpio.a(gpio_nrfx.c.obj)
 .text.gpio_nrfx_port_set_masked_raw
                0x000090f2       0x16 zephyr/drivers/gpio/libdrivers__gpio.a(gpio_nrfx.c.obj)
 .text.gpio_nrfx_port_set_bits_raw
                0x00009108        0xc zephyr/drivers/gpio/libdrivers__gpio.a(gpio_nrfx.c.obj)
 .text.gpio_nrfx_port_clear_bits_raw
                0x00009114        0xc zephyr/drivers/gpio/libdrivers__gpio.a(gpio_nrfx.c.obj)
 .text.gpio_nrfx_port_toggle_bits
                0x00009120       0x12 zephyr/drivers/gpio/libdrivers__gpio.a(gpio_nrfx.c.obj)
 .text.any_other_channel_is_active
                0x00009132       0x2a zephyr/drivers/pwm/libdrivers__pwm.a(pwm_nrfx.c.obj)
 .text.pwm_nrfx_pin_set
                0x0000915c      0x170 zephyr/drivers/pwm/libdrivers__pwm.a(pwm_nrfx.c.obj)
 .text.uarte_nrfx_isr_int
                0x000092cc       0x74 zephyr/drivers/serial/libdrivers__serial.a(uart_nrfx_uarte.c.obj)
 .text.uarte_nrfx_config_get
                0x00009340       0x10 zephyr/drivers/serial/libdrivers__serial.a(uart_nrfx_uarte.c.obj)
 .text.uarte_nrfx_err_check
                0x00009350        0xe zephyr/drivers/serial/libdrivers__serial.a(uart_nrfx_uarte.c.obj)
 .text.is_tx_ready
                0x0000935e       0x20 zephyr/drivers/serial/libdrivers__serial.a(uart_nrfx_uarte.c.obj)
 .text.uarte_nrfx_poll_in
                0x0000937e       0x26 zephyr/drivers/serial/libdrivers__serial.a(uart_nrfx_uarte.c.obj)
 .text.uarte_0_init
                0x000093a4       0x1e zephyr/drivers/serial/libdrivers__serial.a(uart_nrfx_uarte.c.obj)
 .text.uarte_1_init
                0x000093c2       0x1e zephyr/drivers/serial/libdrivers__serial.a(uart_nrfx_uarte.c.obj)
 .text.sys_clock_cycle_get_32
                0x000093e0        0x8 zephyr/drivers/timer/libdrivers__timer.a(nrf_rtc_timer.c.obj)
                0x000093e0                sys_clock_cycle_get_32
 .text.sys_clock_idle_exit
                0x000093e8        0x2 zephyr/drivers/timer/libdrivers__timer.a(sys_clock_init.c.obj)
                0x000093e8                sys_clock_idle_exit
 .text.k_sys_fatal_error_handler
                0x000093ea        0x8 modules/nrf/lib/fatal_error/lib..__nrf__lib__fatal_error.a(fatal_error.c.obj)
                0x000093ea                k_sys_fatal_error_handler
 .text.hw_cc3xx_init_internal
                0x000093f2        0x4 modules/nrf/drivers/hw_cc310/lib..__nrf__drivers__hw_cc310.a(hw_cc310.c.obj)
 .text.hw_cc3xx_init
                0x000093f6       0x12 modules/nrf/drivers/hw_cc310/lib..__nrf__drivers__hw_cc310.a(hw_cc310.c.obj)
 .text.nrfx_isr
                0x00009408        0x2 modules/hal_nordic/nrfx/libmodules__hal_nordic__nrfx.a(nrfx_glue.c.obj)
                0x00009408                nrfx_isr
 .text.nrfx_busy_wait
                0x0000940a        0x4 modules/hal_nordic/nrfx/libmodules__hal_nordic__nrfx.a(nrfx_glue.c.obj)
                0x0000940a                nrfx_busy_wait
 .text.nrf_gpio_pin_present_check
                0x0000940e       0x22 modules/hal_nordic/nrfx/libmodules__hal_nordic__nrfx.a(nrfx_gpiote.c.obj)
 .text.nrf_gpiote_in_event_get
                0x00009430        0x8 modules/hal_nordic/nrfx/libmodules__hal_nordic__nrfx.a(nrfx_gpiote.c.obj)
 .text.nrf_gpio_reconfigure
                0x00009438       0x96 modules/hal_nordic/nrfx/libmodules__hal_nordic__nrfx.a(nrfx_gpiote.c.obj)
 .text.nrf_gpio_cfg_sense_set
                0x000094ce       0x1e modules/hal_nordic/nrfx/libmodules__hal_nordic__nrfx.a(nrfx_gpiote.c.obj)
 .text.start_playback.isra.0
                0x000094ec       0x46 modules/hal_nordic/nrfx/libmodules__hal_nordic__nrfx.a(nrfx_pwm.c.obj)
 .text.z_device_state_init
                0x00009532        0x2 zephyr/kernel/libkernel.a(device.c.obj)
                0x00009532                z_device_state_init
 .text.z_device_ready
                0x00009534       0x14 zephyr/kernel/libkernel.a(device.c.obj)
                0x00009534                z_device_ready
 .text.z_pm_save_idle_exit
                0x00009548        0xe zephyr/kernel/libkernel.a(idle.c.obj)
                0x00009548                z_pm_save_idle_exit
 .text.k_mem_slab_init
                0x00009556       0x38 zephyr/kernel/libkernel.a(mem_slab.c.obj)
                0x00009556                k_mem_slab_init
 .text.z_impl_k_mutex_init
                0x0000958e        0xe zephyr/kernel/libkernel.a(mutex.c.obj)
                0x0000958e                z_impl_k_mutex_init
 .text.z_handle_obj_poll_events
                0x0000959c       0x1c zephyr/kernel/libkernel.a(poll.c.obj)
                0x0000959c                z_handle_obj_poll_events
 .text.z_reschedule_irqlock
                0x000095b8       0x18 zephyr/kernel/libkernel.a(sched.c.obj)
                0x000095b8                z_reschedule_irqlock
 .text.z_reschedule_unlocked
                0x000095d0       0x14 zephyr/kernel/libkernel.a(sched.c.obj)
 .text.z_priq_dumb_best
                0x000095e4       0x14 zephyr/kernel/libkernel.a(sched.c.obj)
                0x000095e4                z_priq_dumb_best
 .text.z_impl_k_sem_init
                0x000095f8       0x20 zephyr/kernel/libkernel.a(sem.c.obj)
                0x000095f8                z_impl_k_sem_init
 .text.k_is_in_isr
                0x00009618        0xc zephyr/kernel/libkernel.a(thread.c.obj)
                0x00009618                k_is_in_isr
 .text.z_impl_k_thread_name_set
                0x00009624        0x6 zephyr/kernel/libkernel.a(thread.c.obj)
                0x00009624                z_impl_k_thread_name_set
 .text.z_impl_k_thread_start
                0x0000962a        0x4 zephyr/kernel/libkernel.a(thread.c.obj)
                0x0000962a                z_impl_k_thread_start
 .text.sys_clock_tick_get_32
                0x0000962e        0x8 zephyr/kernel/libkernel.a(timeout.c.obj)
                0x0000962e                sys_clock_tick_get_32
 .text.z_impl_k_uptime_ticks
                0x00009636        0x4 zephyr/kernel/libkernel.a(timeout.c.obj)
                0x00009636                z_impl_k_uptime_ticks
 .text.z_impl_k_busy_wait
                0x0000963a        0x8 zephyr/kernel/libkernel.a(timeout.c.obj)
                0x0000963a                z_impl_k_busy_wait
 .text.z_impl_k_timer_stop
                0x00009642       0x3a zephyr/kernel/libkernel.a(timer.c.obj)
                0x00009642                z_impl_k_timer_stop
 .text.notify_queue_locked
                0x0000967c        0xe zephyr/kernel/libkernel.a(work.c.obj)
 .text._OffsetAbsSyms
                0x0000968a        0x2 zephyr/CMakeFiles/offsets.dir/./arch/arm/core/offsets/offsets.c.obj
                0x0000968a                _OffsetAbsSyms
 *(SORT_BY_ALIGNMENT(.TEXT.*))
 .TEXT.z_arm_platform_init
                0x0000968c        0x4 zephyr/libzephyr.a(soc_nrf_common.S.obj)
                0x0000968c                z_arm_platform_init
 *(SORT_BY_ALIGNMENT(.gnu.linkonce.t.*))
 *(SORT_BY_ALIGNMENT(.glue_7t))
 .glue_7t       0x00009690        0x0 linker stubs
 *(SORT_BY_ALIGNMENT(.glue_7))
 .glue_7        0x00009690        0x0 linker stubs
 *(SORT_BY_ALIGNMENT(.vfp11_veneer))
 .vfp11_veneer  0x00009690        0x0 linker stubs
 *(SORT_BY_ALIGNMENT(.v4_bx))
 .v4_bx         0x00009690        0x0 linker stubs
                0x00009690                __text_region_end = .

.ARM.exidx      0x00009690        0x8
                0x00009690                __exidx_start = .
 *(SORT_BY_ALIGNMENT(.ARM.exidx*) SORT_BY_ALIGNMENT(gnu.linkonce.armexidx.*))
 .ARM.exidx     0x00009690        0x8 c:/users/bruno/ncs/v1.9.1/toolchain/opt/bin/../lib/gcc/arm-none-eabi/9.2.1/thumb/v7e-m/nofp\libgcc.a(_udivmoddi4.o)
                0x00009698                __exidx_end = .
                0x00009698                __rodata_region_start = .

initlevel       0x00009698       0x70
                0x00009698                __init_start = .
                0x00009698                __init_PRE_KERNEL_1_start = .
 *(SORT_BY_NAME(SORT_BY_ALIGNMENT(.z_init_PRE_KERNEL_1[0-9]_*)))
 .z_init_PRE_KERNEL_10_
                0x00009698        0x8 zephyr/soc/arm/nordic_nrf/nrf52/libsoc__arm__nordic_nrf__nrf52.a(soc.c.obj)
 *(SORT_BY_NAME(SORT_BY_ALIGNMENT(.z_init_PRE_KERNEL_1[1-9][0-9]_*)))
 .z_init_PRE_KERNEL_130_
                0x000096a0        0x8 zephyr/drivers/clock_control/libdrivers__clock_control.a(clock_control_nrf.c.obj)
 .z_init_PRE_KERNEL_130_
                0x000096a8        0x8 zephyr/kernel/libkernel.a(mem_slab.c.obj)
 .z_init_PRE_KERNEL_140_
                0x000096b0       0x10 zephyr/drivers/gpio/libdrivers__gpio.a(gpio_nrfx.c.obj)
 .z_init_PRE_KERNEL_140_
                0x000096c0        0x8 modules/nrf/drivers/hw_cc310/lib..__nrf__drivers__hw_cc310.a(hw_cc310.c.obj)
 .z_init_PRE_KERNEL_155_
                0x000096c8       0x10 zephyr/drivers/serial/libdrivers__serial.a(uart_nrfx_uarte.c.obj)
 .z_init_PRE_KERNEL_160_
                0x000096d8        0x8 zephyr/drivers/console/libdrivers__console.a(uart_console.c.obj)
                0x000096e0                __init_PRE_KERNEL_2_start = .
 *(SORT_BY_NAME(SORT_BY_ALIGNMENT(.z_init_PRE_KERNEL_2[0-9]_*)))
 .z_init_PRE_KERNEL_20_
                0x000096e0        0x8 zephyr/drivers/timer/libdrivers__timer.a(nrf_rtc_timer.c.obj)
 *(SORT_BY_NAME(SORT_BY_ALIGNMENT(.z_init_PRE_KERNEL_2[1-9][0-9]_*)))
                0x000096e8                __init_POST_KERNEL_start = .
 *(SORT_BY_NAME(SORT_BY_ALIGNMENT(.z_init_POST_KERNEL[0-9]_*)))
 *(SORT_BY_NAME(SORT_BY_ALIGNMENT(.z_init_POST_KERNEL[1-9][0-9]_*)))
 .z_init_POST_KERNEL40_
                0x000096e8        0x8 modules/nrf/drivers/hw_cc310/lib..__nrf__drivers__hw_cc310.a(hw_cc310.c.obj)
 .z_init_POST_KERNEL40_
                0x000096f0        0x8 zephyr/kernel/libkernel.a(system_work_q.c.obj)
 .z_init_POST_KERNEL50_
                0x000096f8        0x8 zephyr/drivers/adc/libdrivers__adc.a(adc_nrfx_saadc.c.obj)
 .z_init_POST_KERNEL50_
                0x00009700        0x8 zephyr/drivers/pwm/libdrivers__pwm.a(pwm_nrfx.c.obj)
                0x00009708                __init_APPLICATION_start = .
 *(SORT_BY_NAME(SORT_BY_ALIGNMENT(.z_init_APPLICATION[0-9]_*)))
 *(SORT_BY_NAME(SORT_BY_ALIGNMENT(.z_init_APPLICATION[1-9][0-9]_*)))
                0x00009708                __init_SMP_start = .
 *(SORT_BY_NAME(SORT_BY_ALIGNMENT(.z_init_SMP[0-9]_*)))
 *(SORT_BY_NAME(SORT_BY_ALIGNMENT(.z_init_SMP[1-9][0-9]_*)))
                0x00009708                __init_end = .

devices         0x00009708       0xa8
                0x00009708                __device_start = .
                0x00009708                __device_PRE_KERNEL_1_start = .
 *(SORT_BY_NAME(SORT_BY_ALIGNMENT(.z_device_PRE_KERNEL_1[0-9]_*)))
 *(SORT_BY_NAME(SORT_BY_ALIGNMENT(.z_device_PRE_KERNEL_1[1-9][0-9]_*)))
 .z_device_PRE_KERNEL_130_
                0x00009708       0x18 zephyr/drivers/clock_control/libdrivers__clock_control.a(clock_control_nrf.c.obj)
                0x00009708                __device_dts_ord_28
 .z_device_PRE_KERNEL_140_
                0x00009720       0x30 zephyr/drivers/gpio/libdrivers__gpio.a(gpio_nrfx.c.obj)
                0x00009720                __device_dts_ord_11
                0x00009738                __device_dts_ord_55
 .z_device_PRE_KERNEL_155_
                0x00009750       0x30 zephyr/drivers/serial/libdrivers__serial.a(uart_nrfx_uarte.c.obj)
                0x00009750                __device_dts_ord_64
                0x00009768                __device_dts_ord_63
                0x00009780                __device_PRE_KERNEL_2_start = .
 *(SORT_BY_NAME(SORT_BY_ALIGNMENT(.z_device_PRE_KERNEL_2[0-9]_*)))
 *(SORT_BY_NAME(SORT_BY_ALIGNMENT(.z_device_PRE_KERNEL_2[1-9][0-9]_*)))
                0x00009780                __device_POST_KERNEL_start = .
 *(SORT_BY_NAME(SORT_BY_ALIGNMENT(.z_device_POST_KERNEL[0-9]_*)))
 *(SORT_BY_NAME(SORT_BY_ALIGNMENT(.z_device_POST_KERNEL[1-9][0-9]_*)))
 .z_device_POST_KERNEL50_
                0x00009780       0x18 zephyr/drivers/adc/libdrivers__adc.a(adc_nrfx_saadc.c.obj)
                0x00009780                __device_dts_ord_27
 .z_device_POST_KERNEL50_
                0x00009798       0x18 zephyr/drivers/pwm/libdrivers__pwm.a(pwm_nrfx.c.obj)
                0x00009798                __device_dts_ord_24
                0x000097b0                __device_APPLICATION_start = .
 *(SORT_BY_NAME(SORT_BY_ALIGNMENT(.z_device_APPLICATION[0-9]_*)))
 *(SORT_BY_NAME(SORT_BY_ALIGNMENT(.z_device_APPLICATION[1-9][0-9]_*)))
                0x000097b0                __device_SMP_start = .
 *(SORT_BY_NAME(SORT_BY_ALIGNMENT(.z_device_SMP[0-9]_*)))
 *(SORT_BY_NAME(SORT_BY_ALIGNMENT(.z_device_SMP[1-9][0-9]_*)))
                0x000097b0                __device_end = .

sw_isr_table    0x000097b0      0x180
                0x000097b0                . = ALIGN (0x0)
 *(SORT_BY_ALIGNMENT(.gnu.linkonce.sw_isr_table*))
 .gnu.linkonce.sw_isr_table
                0x000097b0      0x180 zephyr/CMakeFiles/zephyr_final.dir/isr_tables.c.obj
                0x000097b0                _sw_isr_table

initlevel_error
                0x00009698        0x0
 *(SORT_BY_NAME(SORT_BY_ALIGNMENT(.z_init_[_A-Z0-9]*)))
                0x00000001                ASSERT ((SIZEOF (initlevel_error) == 0x0), Undefined initialization levels used.)

app_shmem_regions
                0x00009930        0x0
                0x00009930                __app_shmem_regions_start = .
 *(SORT_BY_NAME(SORT_BY_ALIGNMENT(.app_regions.*)))
                0x00009930                __app_shmem_regions_end = .

bt_l2cap_fixed_chan_area
                0x00009930        0x0
                0x00009930                _bt_l2cap_fixed_chan_list_start = .
 *(SORT_BY_NAME(SORT_BY_ALIGNMENT(._bt_l2cap_fixed_chan.static.*)))
                0x00009930                _bt_l2cap_fixed_chan_list_end = .

bt_gatt_service_static_area
                0x00009930        0x0
                0x00009930                _bt_gatt_service_static_list_start = .
 *(SORT_BY_NAME(SORT_BY_ALIGNMENT(._bt_gatt_service_static.static.*)))
                0x00009930                _bt_gatt_service_static_list_end = .

k_p4wq_initparam_area
                0x00009930        0x0
                0x00009930                _k_p4wq_initparam_list_start = .
 *(SORT_BY_NAME(SORT_BY_ALIGNMENT(._k_p4wq_initparam.static.*)))
                0x00009930                _k_p4wq_initparam_list_end = .

log_strings_sections
                0x00009930        0x0
                0x00009930                __log_strings_start = .
 *(SORT_BY_NAME(SORT_BY_ALIGNMENT(.log_strings*)))
                0x00009930                __log_strings_end = .

log_const_sections
                0x00009930        0x0
                0x00009930                __log_const_start = .
 *(SORT_BY_NAME(SORT_BY_ALIGNMENT(.log_const_*)))
                0x00009930                __log_const_end = .

log_backends_sections
                0x00009930        0x0
                0x00009930                __log_backends_start = .
 *(SORT_BY_ALIGNMENT(._log_backend.*))
                0x00009930                __log_backends_end = .

shell_area      0x00009930        0x0
                0x00009930                _shell_list_start = .
 *(SORT_BY_NAME(SORT_BY_ALIGNMENT(._shell.static.*)))
                0x00009930                _shell_list_end = .

shell_root_cmds_sections
                0x00009930        0x0
                0x00009930                __shell_root_cmds_start = .
 *(SORT_BY_NAME(SORT_BY_ALIGNMENT(.shell_root_cmd_*)))
                0x00009930                __shell_root_cmds_end = .

font_entry_sections
                0x00009930        0x0
                0x00009930                __font_entry_start = .
 *(SORT_BY_NAME(SORT_BY_ALIGNMENT(._cfb_font.*)))
                0x00009930                __font_entry_end = .

tracing_backend_area
                0x00009930        0x0
                0x00009930                _tracing_backend_list_start = .
 *(SORT_BY_NAME(SORT_BY_ALIGNMENT(._tracing_backend.static.*)))
                0x00009930                _tracing_backend_list_end = .

zephyr_dbg_info
 *(SORT_BY_ALIGNMENT(.dbg_thread_info))

device_handles  0x00009930       0x2a
                0x00009930                __device_handles_start = .
 *(SORT_BY_NAME(SORT_BY_ALIGNMENT(.__device_handles_pass2*)))
 .__device_handles_pass2
                0x00009930       0x2a zephyr/CMakeFiles/zephyr_final.dir/dev_handles.c.obj
                0x00009930                __devicehdl_DT_N_S_soc_S_pwm_4001c000
                0x00009936                __devicehdl_DT_N_S_soc_S_adc_40007000
                0x0000993c                __devicehdl_DT_N_S_soc_S_uart_40002000
                0x00009942                __devicehdl_DT_N_S_soc_S_uart_40028000
                0x00009948                __devicehdl_DT_N_S_soc_S_gpio_50000300
                0x0000994e                __devicehdl_DT_N_S_soc_S_gpio_50000000
                0x00009954                __devicehdl_DT_N_S_soc_S_clock_40000000
                0x0000995a                __device_handles_end = .

rodata          0x00009960     0x1770
 *(SORT_BY_ALIGNMENT(.rodata))
 *(SORT_BY_ALIGNMENT(.rodata.*))
 .rodata.delay_machine_code.12410
                0x00009960        0x6 zephyr/soc/arm/nordic_nrf/nrf52/libsoc__arm__nordic_nrf__nrf52.a(soc.c.obj)
 *fill*         0x00009966        0x2 
 .rodata.apis   0x00009968        0x8 zephyr/libzephyr.a(nrf_cc3xx_platform_abort_zephyr.c.obj)
 .rodata.mutex_apis
                0x00009970       0x10 zephyr/libzephyr.a(nrf_cc3xx_platform_mutex_zephyr.c.obj)
 .rodata.mutexes
                0x00009980       0x14 zephyr/libzephyr.a(nrf_cc3xx_platform_mutex_zephyr.c.obj)
 .rodata.static_regions
                0x00009994        0xc zephyr/arch/arch/arm/core/aarch32/mpu/libarch__arm__core__aarch32__mpu.a(arm_core_mpu.c.obj)
 .rodata.mpu_config
                0x000099a0        0x8 zephyr/soc/arm/common/cortex_m/libsoc__arm__common__cortex_m.a(arm_mpu_regions.c.obj)
                0x000099a0                mpu_config
 .rodata.mpu_regions
                0x000099a8       0x18 zephyr/soc/arm/common/cortex_m/libsoc__arm__common__cortex_m.a(arm_mpu_regions.c.obj)
 .rodata.adc_nrfx_driver_api
                0x000099c0       0x10 zephyr/drivers/adc/libdrivers__adc.a(adc_nrfx_saadc.c.obj)
 .rodata.clock_control_api
                0x000099d0       0x18 zephyr/drivers/clock_control/libdrivers__clock_control.a(clock_control_nrf.c.obj)
 .rodata.config
                0x000099e8       0x10 zephyr/drivers/clock_control/libdrivers__clock_control.a(clock_control_nrf.c.obj)
 .rodata.transitions.11169
                0x000099f8        0xc zephyr/drivers/clock_control/libdrivers__clock_control.a(clock_control_nrf.c.obj)
 .rodata.gpio_nrfx_drv_api_funcs
                0x00009a04       0x24 zephyr/drivers/gpio/libdrivers__gpio.a(gpio_nrfx.c.obj)
 .rodata.gpio_nrfx_p0_cfg
                0x00009a28       0x10 zephyr/drivers/gpio/libdrivers__gpio.a(gpio_nrfx.c.obj)
 .rodata.gpio_nrfx_p1_cfg
                0x00009a38       0x10 zephyr/drivers/gpio/libdrivers__gpio.a(gpio_nrfx.c.obj)
 .rodata.pwm_nrfx_0config
                0x00009a48       0x28 zephyr/drivers/pwm/libdrivers__pwm.a(pwm_nrfx.c.obj)
 .rodata.pwm_nrfx_drv_api_funcs
                0x00009a70        0x8 zephyr/drivers/pwm/libdrivers__pwm.a(pwm_nrfx.c.obj)
 .rodata.uart_nrfx_uarte_driver_api
                0x00009a78       0x14 zephyr/drivers/serial/libdrivers__serial.a(uart_nrfx_uarte.c.obj)
 .rodata.uarte_0z_config
                0x00009a8c       0x20 zephyr/drivers/serial/libdrivers__serial.a(uart_nrfx_uarte.c.obj)
 .rodata.uarte_1z_config
                0x00009aac       0x20 zephyr/drivers/serial/libdrivers__serial.a(uart_nrfx_uarte.c.obj)
 .rodata.levels.9434
                0x00009acc       0x14 zephyr/kernel/libkernel.a(device.c.obj)
 .rodata._k_neg_eagain
                0x00009ae0        0x4 zephyr/kernel/libkernel.a(errno.c.obj)
                0x00009ae0                _k_neg_eagain
 .rodata.CSWTCH.8
                0x00009ae4       0x1c C:/Users/bruno/ncs/v1.9.1/nrfxlib/crypto/nrf_cc310_platform/lib/cortex-m4/soft-float/no-interrupts/libnrf_cc310_platform_0.9.13.a(nrf_cc3xx_platform.c.obj)
 .rodata.mutex_free.str1.4
                0x00009b00       0x26 C:/Users/bruno/ncs/v1.9.1/nrfxlib/crypto/nrf_cc310_platform/lib/cortex-m4/soft-float/no-interrupts/libnrf_cc310_platform_0.9.13.a(nrf_cc3xx_platform_mutex.c.obj)
 *fill*         0x00009b26        0x2 
 .rodata.mutex_init.str1.4
                0x00009b28       0x23 C:/Users/bruno/ncs/v1.9.1/nrfxlib/crypto/nrf_cc310_platform/lib/cortex-m4/soft-float/no-interrupts/libnrf_cc310_platform_0.9.13.a(nrf_cc3xx_platform_mutex.c.obj)
 *fill*         0x00009b4b        0x1 
 .rodata.CC_PalPowerSaveModeInit.str1.4
                0x00009b4c       0x20 C:/Users/bruno/ncs/v1.9.1/nrfxlib/crypto/nrf_cc310_platform/lib/cortex-m4/soft-float/no-interrupts/libnrf_cc310_platform_0.9.13.a(cc_pal_pm.c.obj)
 .rodata.my_channel_cfg
                0x00009b6c        0x8 app/libapp.a(main.c.obj)
 .rodata.but1press_cbfunction.str1.1
                0x00009b74       0x15 app/libapp.a(main.c.obj)
 .rodata.but2press_cbfunction.str1.1
                0x00009b89       0x15 app/libapp.a(main.c.obj)
 .rodata.but3press_cbfunction.str1.1
                0x00009b9e       0x15 app/libapp.a(main.c.obj)
 .rodata.but4press_cbfunction.str1.1
                0x00009bb3       0x15 app/libapp.a(main.c.obj)
 .rodata.z_impl_gpio_pin_configure.constprop.0.str1.1
                0x00009bc8       0x97 app/libapp.a(main.c.obj)
 .rodata.thread_D_code.str1.1
                0x00009c5f       0xb7 app/libapp.a(main.c.obj)
 .rodata.thread_E_code.str1.1
                0x00009d16       0x24 app/libapp.a(main.c.obj)
 .rodata.thread_F_code.str1.1
                0x00009d3a       0x68 app/libapp.a(main.c.obj)
 .rodata.thread_C_code.str1.1
                0x00009da2       0x25 app/libapp.a(main.c.obj)
 .rodata.ConfigurePins.str1.1
                0x00009dc7      0x1bd app/libapp.a(main.c.obj)
 .rodata.thread_A_code.str1.1
                0x00009f84       0x3d app/libapp.a(main.c.obj)
 .rodata.thread_B_code.str1.1
                0x00009fc1       0x25 app/libapp.a(main.c.obj)
 .rodata.main.str1.1
                0x00009fe6       0x89 app/libapp.a(main.c.obj)
 .rodata.cbvprintf.str1.1
                0x0000a06f        0x6 zephyr/libzephyr.a(cbprintf_complete.c.obj)
 .rodata.sys_notify_finalize.str1.1
                0x0000a075       0x23 zephyr/libzephyr.a(notify.c.obj)
                                 0x42 (size before relaxing)
 .rodata.mutex_free_platform.str1.1
                0x0000a098       0x26 zephyr/libzephyr.a(nrf_cc3xx_platform_mutex_zephyr.c.obj)
 .rodata.mutex_init_platform.str1.1
                0x0000a0be       0x2d zephyr/libzephyr.a(nrf_cc3xx_platform_mutex_zephyr.c.obj)
 .rodata.process_event.str1.1
                0x0000a0eb      0x122 zephyr/libzephyr.a(onoff.c.obj)
                                0x141 (size before relaxing)
 .rodata.pm_state_notify.str1.1
                0x0000a20d       0x9c zephyr/libzephyr.a(pm.c.obj)
 .rodata.sys_reboot.str1.1
                0x0000a20d       0x29 zephyr/libzephyr.a(reboot.c.obj)
 .rodata.z_arm_irq_priority_set.str1.1
                0x0000a236       0x91 zephyr/arch/arch/arm/core/aarch32/libarch__arm__core__aarch32.a(irq_manage.c.obj)
                                 0xae (size before relaxing)
 .rodata.mem_manage_fault.str1.1
                0x0000a2c7       0xa7 zephyr/arch/arch/arm/core/aarch32/cortex_m/libarch__arm__core__aarch32__cortex_m.a(fault.c.obj)
                                 0xc4 (size before relaxing)
 .rodata.z_arm_fault.str1.1
                0x0000a36e       0xa5 zephyr/arch/arch/arm/core/aarch32/cortex_m/libarch__arm__core__aarch32__cortex_m.a(fault.c.obj)
                                 0xa7 (size before relaxing)
 .rodata.arm_core_mpu_configure_static_mpu_regions.str1.1
                0x0000a413       0x63 zephyr/arch/arch/arm/core/aarch32/mpu/libarch__arm__core__aarch32__mpu.a(arm_mpu.c.obj)
                                 0x82 (size before relaxing)
 .rodata.arm_core_mpu_configure_dynamic_mpu_regions.str1.1
                0x0000a476       0x2d zephyr/arch/arch/arm/core/aarch32/mpu/libarch__arm__core__aarch32__mpu.a(arm_mpu.c.obj)
 .rodata.z_arm_mpu_init.str1.1
                0x0000a4a3       0xa5 zephyr/arch/arch/arm/core/aarch32/mpu/libarch__arm__core__aarch32__mpu.a(arm_mpu.c.obj)
 .rodata.str1.1
                0x0000a548        0xf zephyr/soc/arm/common/cortex_m/libsoc__arm__common__cortex_m.a(arm_mpu_regions.c.obj)
 .rodata.CSWTCH.9
                0x0000a557        0x6 zephyr/soc/arm/nordic_nrf/nrf52/libsoc__arm__nordic_nrf__nrf52.a(soc.c.obj)
 .rodata.str1.1
                0x0000a55d        0x6 zephyr/drivers/adc/libdrivers__adc.a(adc_nrfx_saadc.c.obj)
 .rodata.get_status.str1.1
                0x0000a55d       0x61 zephyr/drivers/clock_control/libdrivers__clock_control.a(clock_control_nrf.c.obj)
                                 0x7e (size before relaxing)
 .rodata.clock_event_handler.str1.1
                0x0000a5be        0x2 zephyr/drivers/clock_control/libdrivers__clock_control.a(clock_control_nrf.c.obj)
 .rodata.z_nrf_clock_control_lf_on.str1.1
                0x0000a5be        0x9 zephyr/drivers/clock_control/libdrivers__clock_control.a(clock_control_nrf.c.obj)
 .rodata.str1.1
                0x0000a5c7        0x6 zephyr/drivers/clock_control/libdrivers__clock_control.a(clock_control_nrf.c.obj)
 .rodata.gpio_nrfx_manage_callback.str1.1
                0x0000a5cd       0x6e zephyr/drivers/gpio/libdrivers__gpio.a(gpio_nrfx.c.obj)
                                 0x8b (size before relaxing)
 .rodata.nrfx_gpio_handler.str1.1
                0x0000a63b        0xc zephyr/drivers/gpio/libdrivers__gpio.a(gpio_nrfx.c.obj)
 .rodata.gpio_nrfx_pin_interrupt_configure.str1.1
                0x0000a647       0x56 zephyr/drivers/gpio/libdrivers__gpio.a(gpio_nrfx.c.obj)
                                 0x58 (size before relaxing)
 .rodata.str1.1
                0x0000a69d        0x7 zephyr/drivers/gpio/libdrivers__gpio.a(gpio_nrfx.c.obj)
                                  0xe (size before relaxing)
 .rodata.nrf_gpio_pin_port_decode.str1.1
                0x0000a6a4       0x75 zephyr/drivers/pwm/libdrivers__pwm.a(pwm_nrfx.c.obj)
 .rodata.str1.1
                0x0000a6a4        0x6 zephyr/drivers/pwm/libdrivers__pwm.a(pwm_nrfx.c.obj)
 .rodata.nrf_gpio_pin_port_decode.str1.1
                0x0000a6a4       0x75 zephyr/drivers/serial/libdrivers__serial.a(uart_nrfx_uarte.c.obj)
 .rodata.str1.1
                0x0000a6a4        0xe zephyr/drivers/serial/libdrivers__serial.a(uart_nrfx_uarte.c.obj)
 .rodata.nrf_clock_is_running.constprop.0.str1.1
                0x0000a6b2       0x34 modules/hal_nordic/nrfx/libmodules__hal_nordic__nrfx.a(nrfx_clock.c.obj)
                                 0x53 (size before relaxing)
 .rodata.nrfx_clock_init.str1.1
                0x0000a6e6       0x4b modules/hal_nordic/nrfx/libmodules__hal_nordic__nrfx.a(nrfx_clock.c.obj)
 .rodata.nrfx_clock_enable.str1.1
                0x0000a731       0x1e modules/hal_nordic/nrfx/libmodules__hal_nordic__nrfx.a(nrfx_clock.c.obj)
 .rodata.legacy_handler.str1.1
                0x0000a74f       0x64 modules/hal_nordic/nrfx/libmodules__hal_nordic__nrfx.a(nrfx_gpiote.c.obj)
                                 0x81 (size before relaxing)
 .rodata.release_handler.str1.1
                0x0000a7b3       0x14 modules/hal_nordic/nrfx/libmodules__hal_nordic__nrfx.a(nrfx_gpiote.c.obj)
 .rodata.nrf_gpio_pin_port_decode.str1.1
                0x0000a7c7       0x58 modules/hal_nordic/nrfx/libmodules__hal_nordic__nrfx.a(nrfx_gpiote.c.obj)
 .rodata.nrfx_gpiote_channel_get.str1.1
                0x0000a7c7        0xa modules/hal_nordic/nrfx/libmodules__hal_nordic__nrfx.a(nrfx_gpiote.c.obj)
 .rodata.nrfx_gpiote_trigger_enable.str1.1
                0x0000a7d1       0x20 modules/hal_nordic/nrfx/libmodules__hal_nordic__nrfx.a(nrfx_gpiote.c.obj)
 .rodata.nrf_pwm_sequence_set.str1.1
                0x0000a7f1       0xcd modules/hal_nordic/nrfx/libmodules__hal_nordic__nrfx.a(nrfx_pwm.c.obj)
                                 0xea (size before relaxing)
 .rodata.nrf_gpio_pin_port_decode.str1.1
                0x0000a8be       0x58 modules/hal_nordic/nrfx/libmodules__hal_nordic__nrfx.a(nrfx_pwm.c.obj)
 .rodata.nrfx_pwm_init.str1.1
                0x0000a8be       0x65 modules/hal_nordic/nrfx/libmodules__hal_nordic__nrfx.a(nrfx_pwm.c.obj)
 .rodata.nrfx_pwm_uninit.str1.1
                0x0000a923       0x2c modules/hal_nordic/nrfx/libmodules__hal_nordic__nrfx.a(nrfx_pwm.c.obj)
 .rodata.nrfx_pwm_simple_playback.str1.1
                0x0000a94f       0x3c modules/hal_nordic/nrfx/libmodules__hal_nordic__nrfx.a(nrfx_pwm.c.obj)
 .rodata.nrfx_pwm_stop.str1.1
                0x0000a98b       0x45 modules/hal_nordic/nrfx/libmodules__hal_nordic__nrfx.a(nrfx_pwm.c.obj)
 .rodata.CSWTCH.14
                0x0000a9d0        0x6 modules/hal_nordic/nrfx/libmodules__hal_nordic__nrfx.a(system_nrf52840.c.obj)
 .rodata.CSWTCH.5
                0x0000a9d6        0x6 modules/hal_nordic/nrfx/libmodules__hal_nordic__nrfx.a(system_nrf52840.c.obj)
 .rodata.z_fatal_error.str1.1
                0x0000a9dc       0x74 zephyr/kernel/libkernel.a(fatal.c.obj)
                                 0x91 (size before relaxing)
 .rodata.idle.str1.1
                0x0000aa50       0x49 zephyr/kernel/libkernel.a(idle.c.obj)
                                 0x66 (size before relaxing)
 .rodata.z_cstart.str1.1
                0x0000aa99        0x5 zephyr/kernel/libkernel.a(init.c.obj)
 .rodata.init_mem_slab_module.str1.1
                0x0000aa9e       0x61 zephyr/kernel/libkernel.a(mem_slab.c.obj)
                                 0x7e (size before relaxing)
 .rodata.k_mem_slab_alloc.str1.1
                0x0000aaff       0x7f zephyr/kernel/libkernel.a(mem_slab.c.obj)
 .rodata.z_impl_k_mutex_lock.str1.1
                0x0000aaff       0x59 zephyr/kernel/libkernel.a(mutex.c.obj)
                                 0xf5 (size before relaxing)
 .rodata.z_impl_k_mutex_unlock.str1.1
                0x0000ab58       0x76 zephyr/kernel/libkernel.a(mutex.c.obj)
 .rodata.clear_event_registrations.str1.1
                0x0000abce       0xfb zephyr/kernel/libkernel.a(poll.c.obj)
                                0x199 (size before relaxing)
 .rodata.signal_poll_event.str1.1
                0x0000acc9       0x35 zephyr/kernel/libkernel.a(poll.c.obj)
 .rodata.k_sched_time_slice_set.str1.1
                0x0000acfe       0x9c zephyr/kernel/libkernel.a(sched.c.obj)
 .rodata.k_sched_lock.str1.1
                0x0000acfe       0x71 zephyr/kernel/libkernel.a(sched.c.obj)
 .rodata.z_priq_dumb_remove.str1.1
                0x0000acfe       0x43 zephyr/kernel/libkernel.a(sched.c.obj)
 .rodata.unpend_thread_no_timeout.str1.1
                0x0000ad41       0x17 zephyr/kernel/libkernel.a(sched.c.obj)
 .rodata.update_cache.str1.1
                0x0000ad58       0x27 zephyr/kernel/libkernel.a(sched.c.obj)
 .rodata.k_sched_unlock.str1.1
                0x0000ad7f       0x31 zephyr/kernel/libkernel.a(sched.c.obj)
 .rodata.z_tick_sleep.str1.1
                0x0000adb0       0x40 zephyr/kernel/libkernel.a(sched.c.obj)
 .rodata.z_thread_abort.str1.1
                0x0000adf0       0x22 zephyr/kernel/libkernel.a(sched.c.obj)
                                 0x24 (size before relaxing)
 .rodata.z_impl_k_sem_give.str1.1
                0x0000ae12       0x70 zephyr/kernel/libkernel.a(sem.c.obj)
 .rodata.z_impl_k_sem_take.str1.1
                0x0000ae12       0x6d zephyr/kernel/libkernel.a(sem.c.obj)
                                 0x9c (size before relaxing)
 .rodata.k_sys_work_q_init.str1.1
                0x0000ae7f        0x9 zephyr/kernel/libkernel.a(system_work_q.c.obj)
 .rodata.z_setup_new_thread.str1.1
                0x0000ae88       0xd4 zephyr/kernel/libkernel.a(thread.c.obj)
                                 0xf1 (size before relaxing)
 .rodata.z_impl_k_thread_create.str1.1
                0x0000af5c       0x25 zephyr/kernel/libkernel.a(thread.c.obj)
                                 0x37 (size before relaxing)
 .rodata.z_init_static_threads.str1.1
                0x0000af81       0x2d zephyr/kernel/libkernel.a(thread.c.obj)
                                 0x4c (size before relaxing)
 .rodata.z_add_timeout.str1.1
                0x0000afae       0x44 zephyr/kernel/libkernel.a(timeout.c.obj)
                                 0xe3 (size before relaxing)
 .rodata.z_timer_expiration_handler.str1.1
                0x0000aff2       0x9c zephyr/kernel/libkernel.a(timer.c.obj)
 .rodata.work_queue_main.str1.1
                0x0000aff2       0x38 zephyr/kernel/libkernel.a(work.c.obj)
                                 0xd4 (size before relaxing)
 .rodata.submit_to_queue_locked.str1.1
                0x0000b02a       0x1b zephyr/kernel/libkernel.a(work.c.obj)
 .rodata.k_work_init.str1.1
                0x0000b045       0x14 zephyr/kernel/libkernel.a(work.c.obj)
 .rodata.k_work_queue_start.str1.1
                0x0000b059       0x40 zephyr/kernel/libkernel.a(work.c.obj)
 .rodata.boot_banner.str1.1
                0x0000b099       0x36 zephyr/kernel/libkernel.a(banner.c.obj)
                                 0x37 (size before relaxing)
 *(SORT_BY_ALIGNMENT(.gnu.linkonce.r.*))
                0x0000b0d0                . = ALIGN (0x4)
 *fill*         0x0000b0cf        0x1 
                0x0000b0d0                __rodata_region_end = .
                0x0000b0e0                . = ALIGN (_region_min_align)
                0x00010000                . = ALIGN ((0x1 << ((__rodata_region_end - __rom_region_start) <= 0x4)?0x2:((__rodata_region_end - __rom_region_start) <= 0x8)?0x3:((__rodata_region_end - __rom_region_start) <= 0x10)?0x4:((__rodata_region_end - __rom_region_start) <= 0x20)?0x5:((__rodata_region_end - __rom_region_start) <= 0x40)?0x6:((__rodata_region_end - __rom_region_start) <= 0x80)?0x7:((__rodata_region_end - __rom_region_start) <= 0x100)?0x8:((__rodata_region_end - __rom_region_start) <= 0x200)?0x9:((__rodata_region_end - __rom_region_start) <= 0x400)?0xa:((__rodata_region_end - __rom_region_start) <= 0x800)?0xb:((__rodata_region_end - __rom_region_start) <= 0x1000)?0xc:((__rodata_region_end - __rom_region_start) <= 0x2000)?0xd:((__rodata_region_end - __rom_region_start) <= 0x4000)?0xe:((__rodata_region_end - __rom_region_start) <= 0x8000)?0xf:((__rodata_region_end - __rom_region_start) <= 0x10000)?0x10:((__rodata_region_end - __rom_region_start) <= 0x20000)?0x11:((__rodata_region_end - __rom_region_start) <= 0x40000)?0x12:((__rodata_region_end - __rom_region_start) <= 0x80000)?0x13:((__rodata_region_end - __rom_region_start) <= 0x100000)?0x14:((__rodata_region_end - __rom_region_start) <= 0x200000)?0x15:((__rodata_region_end - __rom_region_start) <= 0x400000)?0x16:((__rodata_region_end - __rom_region_start) <= 0x800000)?0x17:((__rodata_region_end - __rom_region_start) <= 0x1000000)?0x18:((__rodata_region_end - __rom_region_start) <= 0x2000000)?0x19:((__rodata_region_end - __rom_region_start) <= 0x4000000)?0x1a:((__rodata_region_end - __rom_region_start) <= 0x8000000)?0x1b:((__rodata_region_end - __rom_region_start) <= 0x10000000)?0x1c:((__rodata_region_end - __rom_region_start) <= 0x20000000)?0x1d:((__rodata_region_end - __rom_region_start) <= 0x40000000)?0x1e:((__rodata_region_end - __rom_region_start) <= 0x80000000)?0x1f:0x20))
                0x00010000                __rom_region_end = .
                0x20000000                . = 0x20000000
                0x20000000                . = ALIGN (_region_min_align)
                0x20000000                _image_ram_start = .

.ramfunc        0x20000000        0x0 load address 0x0000b0d0
                0x20000000                . = ALIGN (_region_min_align)
                0x20000000                . = ALIGN ((0x1 << (__ramfunc_size <= 0x4)?0x2:(__ramfunc_size <= 0x8)?0x3:(__ramfunc_size <= 0x10)?0x4:(__ramfunc_size <= 0x20)?0x5:(__ramfunc_size <= 0x40)?0x6:(__ramfunc_size <= 0x80)?0x7:(__ramfunc_size <= 0x100)?0x8:(__ramfunc_size <= 0x200)?0x9:(__ramfunc_size <= 0x400)?0xa:(__ramfunc_size <= 0x800)?0xb:(__ramfunc_size <= 0x1000)?0xc:(__ramfunc_size <= 0x2000)?0xd:(__ramfunc_size <= 0x4000)?0xe:(__ramfunc_size <= 0x8000)?0xf:(__ramfunc_size <= 0x10000)?0x10:(__ramfunc_size <= 0x20000)?0x11:(__ramfunc_size <= 0x40000)?0x12:(__ramfunc_size <= 0x80000)?0x13:(__ramfunc_size <= 0x100000)?0x14:(__ramfunc_size <= 0x200000)?0x15:(__ramfunc_size <= 0x400000)?0x16:(__ramfunc_size <= 0x800000)?0x17:(__ramfunc_size <= 0x1000000)?0x18:(__ramfunc_size <= 0x2000000)?0x19:(__ramfunc_size <= 0x4000000)?0x1a:(__ramfunc_size <= 0x8000000)?0x1b:(__ramfunc_size <= 0x10000000)?0x1c:(__ramfunc_size <= 0x20000000)?0x1d:(__ramfunc_size <= 0x40000000)?0x1e:(__ramfunc_size <= 0x80000000)?0x1f:0x20))
                0x20000000                __ramfunc_start = .
 *(SORT_BY_ALIGNMENT(.ramfunc))
 *(SORT_BY_ALIGNMENT(.ramfunc.*))
                0x20000000                . = ALIGN (_region_min_align)
                0x20000000                . = ALIGN ((0x1 << (__ramfunc_size <= 0x4)?0x2:(__ramfunc_size <= 0x8)?0x3:(__ramfunc_size <= 0x10)?0x4:(__ramfunc_size <= 0x20)?0x5:(__ramfunc_size <= 0x40)?0x6:(__ramfunc_size <= 0x80)?0x7:(__ramfunc_size <= 0x100)?0x8:(__ramfunc_size <= 0x200)?0x9:(__ramfunc_size <= 0x400)?0xa:(__ramfunc_size <= 0x800)?0xb:(__ramfunc_size <= 0x1000)?0xc:(__ramfunc_size <= 0x2000)?0xd:(__ramfunc_size <= 0x4000)?0xe:(__ramfunc_size <= 0x8000)?0xf:(__ramfunc_size <= 0x10000)?0x10:(__ramfunc_size <= 0x20000)?0x11:(__ramfunc_size <= 0x40000)?0x12:(__ramfunc_size <= 0x80000)?0x13:(__ramfunc_size <= 0x100000)?0x14:(__ramfunc_size <= 0x200000)?0x15:(__ramfunc_size <= 0x400000)?0x16:(__ramfunc_size <= 0x800000)?0x17:(__ramfunc_size <= 0x1000000)?0x18:(__ramfunc_size <= 0x2000000)?0x19:(__ramfunc_size <= 0x4000000)?0x1a:(__ramfunc_size <= 0x8000000)?0x1b:(__ramfunc_size <= 0x10000000)?0x1c:(__ramfunc_size <= 0x20000000)?0x1d:(__ramfunc_size <= 0x40000000)?0x1e:(__ramfunc_size <= 0x80000000)?0x1f:0x20))
                0x20000000                __ramfunc_end = .
                0x00000000                __ramfunc_size = (__ramfunc_end - __ramfunc_start)
                0x0000b0d0                __ramfunc_load_start = LOADADDR (.ramfunc)

datas           0x20000000      0x1f0 load address 0x0000b0d0
                0x20000000                __data_region_start = .
                0x20000000                __data_start = .
 *(SORT_BY_ALIGNMENT(.data))
 *(SORT_BY_ALIGNMENT(.data.*))
 .data.m_data   0x20000000       0xb0 zephyr/drivers/adc/libdrivers__adc.a(adc_nrfx_saadc.c.obj)
 .data.DadosBC2
                0x200000b0        0x4 app/libapp.a(main.c.obj)
                0x200000b0                DadosBC2
 .data.asym_mutex
                0x200000b4        0x8 zephyr/libzephyr.a(nrf_cc3xx_platform_mutex_zephyr.c.obj)
 .data.power_mutex
                0x200000bc        0x8 zephyr/libzephyr.a(nrf_cc3xx_platform_mutex_zephyr.c.obj)
 .data.rng_mutex
                0x200000c4        0x8 zephyr/libzephyr.a(nrf_cc3xx_platform_mutex_zephyr.c.obj)
 .data.sym_mutex
                0x200000cc        0x8 zephyr/libzephyr.a(nrf_cc3xx_platform_mutex_zephyr.c.obj)
 .data._char_out
                0x200000d4        0x4 zephyr/libzephyr.a(printk.c.obj)
                0x200000d4                _char_out
 .data._stdout_hook
                0x200000d8        0x4 zephyr/lib/libc/minimal/liblib__libc__minimal.a(stdout_console.c.obj)
 .data.uarte_0_data
                0x200000dc       0x14 zephyr/drivers/serial/libdrivers__serial.a(uart_nrfx_uarte.c.obj)
 .data.uarte_1_data
                0x200000f0       0x14 zephyr/drivers/serial/libdrivers__serial.a(uart_nrfx_uarte.c.obj)
 .data.m_cb     0x20000104       0x7c modules/hal_nordic/nrfx/libmodules__hal_nordic__nrfx.a(nrfx_gpiote.c.obj)
 .data.m_channels_allocated
                0x20000180        0x4 modules/hal_nordic/nrfx/libmodules__hal_nordic__nrfx.a(nrfx_ppi.c.obj)
 .data.SystemCoreClock
                0x20000184        0x4 modules/hal_nordic/nrfx/libmodules__hal_nordic__nrfx.a(system_nrf52840.c.obj)
                0x20000184                SystemCoreClock
 .data.timeout_list
                0x20000188        0x8 zephyr/kernel/libkernel.a(timeout.c.obj)
 .data.platform_abort_apis
                0x20000190        0x8 C:/Users/bruno/ncs/v1.9.1/nrfxlib/crypto/nrf_cc310_platform/lib/cortex-m4/soft-float/no-interrupts/libnrf_cc310_platform_0.9.13.a(nrf_cc3xx_platform_abort.c.obj)
                0x20000190                platform_abort_apis
 .data.asym_mutex
                0x20000198        0x8 C:/Users/bruno/ncs/v1.9.1/nrfxlib/crypto/nrf_cc310_platform/lib/cortex-m4/soft-float/no-interrupts/libnrf_cc310_platform_0.9.13.a(nrf_cc3xx_platform_mutex.c.obj)
 .data.platform_mutex_apis
                0x200001a0       0x10 C:/Users/bruno/ncs/v1.9.1/nrfxlib/crypto/nrf_cc310_platform/lib/cortex-m4/soft-float/no-interrupts/libnrf_cc310_platform_0.9.13.a(nrf_cc3xx_platform_mutex.c.obj)
                0x200001a0                platform_mutex_apis
 .data.platform_mutexes
                0x200001b0       0x14 C:/Users/bruno/ncs/v1.9.1/nrfxlib/crypto/nrf_cc310_platform/lib/cortex-m4/soft-float/no-interrupts/libnrf_cc310_platform_0.9.13.a(nrf_cc3xx_platform_mutex.c.obj)
                0x200001b0                platform_mutexes
 .data.power_mutex
                0x200001c4        0x8 C:/Users/bruno/ncs/v1.9.1/nrfxlib/crypto/nrf_cc310_platform/lib/cortex-m4/soft-float/no-interrupts/libnrf_cc310_platform_0.9.13.a(nrf_cc3xx_platform_mutex.c.obj)
 .data.rng_mutex
                0x200001cc        0x8 C:/Users/bruno/ncs/v1.9.1/nrfxlib/crypto/nrf_cc310_platform/lib/cortex-m4/soft-float/no-interrupts/libnrf_cc310_platform_0.9.13.a(nrf_cc3xx_platform_mutex.c.obj)
 .data.sym_mutex
                0x200001d4        0x8 C:/Users/bruno/ncs/v1.9.1/nrfxlib/crypto/nrf_cc310_platform/lib/cortex-m4/soft-float/no-interrupts/libnrf_cc310_platform_0.9.13.a(nrf_cc3xx_platform_mutex.c.obj)
 .data.CCAsymCryptoMutex